Archive member included to satisfy reference by file (symbol)

/Applications/Ac6/SystemWorkbench.app/Contents/Eclipse/plugins/fr.ac6.mcu.externaltools.arm-none.macos64_1.15.0.201708311556/tools/compiler/bin/../lib/gcc/arm-none-eabi/6.3.1/../../../../arm-none-eabi/lib/thumb/v7-m/libm.a(lib_a-w_atan2.o)
                              Src/main.o (atan2)
/Applications/Ac6/SystemWorkbench.app/Contents/Eclipse/plugins/fr.ac6.mcu.externaltools.arm-none.macos64_1.15.0.201708311556/tools/compiler/bin/../lib/gcc/arm-none-eabi/6.3.1/../../../../arm-none-eabi/lib/thumb/v7-m/libm.a(lib_a-w_pow.o)
                              Src/main.o (pow)
/Applications/Ac6/SystemWorkbench.app/Contents/Eclipse/plugins/fr.ac6.mcu.externaltools.arm-none.macos64_1.15.0.201708311556/tools/compiler/bin/../lib/gcc/arm-none-eabi/6.3.1/../../../../arm-none-eabi/lib/thumb/v7-m/libm.a(lib_a-w_sqrt.o)
                              Src/main.o (sqrt)
/Applications/Ac6/SystemWorkbench.app/Contents/Eclipse/plugins/fr.ac6.mcu.externaltools.arm-none.macos64_1.15.0.201708311556/tools/compiler/bin/../lib/gcc/arm-none-eabi/6.3.1/../../../../arm-none-eabi/lib/thumb/v7-m/libm.a(lib_a-e_atan2.o)
                              /Applications/Ac6/SystemWorkbench.app/Contents/Eclipse/plugins/fr.ac6.mcu.externaltools.arm-none.macos64_1.15.0.201708311556/tools/compiler/bin/../lib/gcc/arm-none-eabi/6.3.1/../../../../arm-none-eabi/lib/thumb/v7-m/libm.a(lib_a-w_atan2.o) (__ieee754_atan2)
/Applications/Ac6/SystemWorkbench.app/Contents/Eclipse/plugins/fr.ac6.mcu.externaltools.arm-none.macos64_1.15.0.201708311556/tools/compiler/bin/../lib/gcc/arm-none-eabi/6.3.1/../../../../arm-none-eabi/lib/thumb/v7-m/libm.a(lib_a-e_pow.o)
                              /Applications/Ac6/SystemWorkbench.app/Contents/Eclipse/plugins/fr.ac6.mcu.externaltools.arm-none.macos64_1.15.0.201708311556/tools/compiler/bin/../lib/gcc/arm-none-eabi/6.3.1/../../../../arm-none-eabi/lib/thumb/v7-m/libm.a(lib_a-w_pow.o) (__ieee754_pow)
/Applications/Ac6/SystemWorkbench.app/Contents/Eclipse/plugins/fr.ac6.mcu.externaltools.arm-none.macos64_1.15.0.201708311556/tools/compiler/bin/../lib/gcc/arm-none-eabi/6.3.1/../../../../arm-none-eabi/lib/thumb/v7-m/libm.a(lib_a-e_sqrt.o)
                              /Applications/Ac6/SystemWorkbench.app/Contents/Eclipse/plugins/fr.ac6.mcu.externaltools.arm-none.macos64_1.15.0.201708311556/tools/compiler/bin/../lib/gcc/arm-none-eabi/6.3.1/../../../../arm-none-eabi/lib/thumb/v7-m/libm.a(lib_a-w_sqrt.o) (__ieee754_sqrt)
/Applications/Ac6/SystemWorkbench.app/Contents/Eclipse/plugins/fr.ac6.mcu.externaltools.arm-none.macos64_1.15.0.201708311556/tools/compiler/bin/../lib/gcc/arm-none-eabi/6.3.1/../../../../arm-none-eabi/lib/thumb/v7-m/libm.a(lib_a-s_atan.o)
                              /Applications/Ac6/SystemWorkbench.app/Contents/Eclipse/plugins/fr.ac6.mcu.externaltools.arm-none.macos64_1.15.0.201708311556/tools/compiler/bin/../lib/gcc/arm-none-eabi/6.3.1/../../../../arm-none-eabi/lib/thumb/v7-m/libm.a(lib_a-e_atan2.o) (atan)
/Applications/Ac6/SystemWorkbench.app/Contents/Eclipse/plugins/fr.ac6.mcu.externaltools.arm-none.macos64_1.15.0.201708311556/tools/compiler/bin/../lib/gcc/arm-none-eabi/6.3.1/../../../../arm-none-eabi/lib/thumb/v7-m/libm.a(lib_a-s_fabs.o)
                              /Applications/Ac6/SystemWorkbench.app/Contents/Eclipse/plugins/fr.ac6.mcu.externaltools.arm-none.macos64_1.15.0.201708311556/tools/compiler/bin/../lib/gcc/arm-none-eabi/6.3.1/../../../../arm-none-eabi/lib/thumb/v7-m/libm.a(lib_a-e_atan2.o) (fabs)
/Applications/Ac6/SystemWorkbench.app/Contents/Eclipse/plugins/fr.ac6.mcu.externaltools.arm-none.macos64_1.15.0.201708311556/tools/compiler/bin/../lib/gcc/arm-none-eabi/6.3.1/../../../../arm-none-eabi/lib/thumb/v7-m/libm.a(lib_a-s_finite.o)
                              /Applications/Ac6/SystemWorkbench.app/Contents/Eclipse/plugins/fr.ac6.mcu.externaltools.arm-none.macos64_1.15.0.201708311556/tools/compiler/bin/../lib/gcc/arm-none-eabi/6.3.1/../../../../arm-none-eabi/lib/thumb/v7-m/libm.a(lib_a-w_pow.o) (finite)
/Applications/Ac6/SystemWorkbench.app/Contents/Eclipse/plugins/fr.ac6.mcu.externaltools.arm-none.macos64_1.15.0.201708311556/tools/compiler/bin/../lib/gcc/arm-none-eabi/6.3.1/../../../../arm-none-eabi/lib/thumb/v7-m/libm.a(lib_a-s_lib_ver.o)
                              /Applications/Ac6/SystemWorkbench.app/Contents/Eclipse/plugins/fr.ac6.mcu.externaltools.arm-none.macos64_1.15.0.201708311556/tools/compiler/bin/../lib/gcc/arm-none-eabi/6.3.1/../../../../arm-none-eabi/lib/thumb/v7-m/libm.a(lib_a-w_pow.o) (__fdlib_version)
/Applications/Ac6/SystemWorkbench.app/Contents/Eclipse/plugins/fr.ac6.mcu.externaltools.arm-none.macos64_1.15.0.201708311556/tools/compiler/bin/../lib/gcc/arm-none-eabi/6.3.1/../../../../arm-none-eabi/lib/thumb/v7-m/libm.a(lib_a-s_matherr.o)
[...]
Memory Configuration

Name             Origin             Length             Attributes
RAM              0x0000000020000000 0x0000000000005000 xrw
FLASH            0x0000000008000000 0x0000000000010000 xr
*default*        0x0000000000000000 0xffffffffffffffff

Linker script and memory map

LOAD /Applications/Ac6/SystemWorkbench.app/Contents/Eclipse/plugins/fr.ac6.mcu.externaltools.arm-none.macos64_1.15.0.201708311556/tools/compiler/bin/../lib/gcc/arm-none-eabi/6.3.1/thumb/v7-m/crti.o
LOAD /Applications/Ac6/SystemWorkbench.app/Contents/Eclipse/plugins/fr.ac6.mcu.externaltools.arm-none.macos64_1.15.0.201708311556/tools/compiler/bin/../lib/gcc/arm-none-eabi/6.3.1/thumb/v7-m/crtbegin.o
LOAD /Applications/Ac6/SystemWorkbench.app/Contents/Eclipse/plugins/fr.ac6.mcu.externaltools.arm-none.macos64_1.15.0.201708311556/tools/compiler/bin/../lib/gcc/arm-none-eabi/6.3.1/../../../../arm-none-eabi/lib/thumb/v7-m/crt0.o
LOAD Drivers/STM32F1xx_HAL_Driver/Src/stm32f1xx_hal.o
LOAD Drivers/STM32F1xx_HAL_Driver/Src/stm32f1xx_hal_cortex.o
LOAD Drivers/STM32F1xx_HAL_Driver/Src/stm32f1xx_hal_dma.o
LOAD Drivers/STM32F1xx_HAL_Driver/Src/stm32f1xx_hal_flash.o
LOAD Drivers/STM32F1xx_HAL_Driver/Src/stm32f1xx_hal_flash_ex.o
LOAD Drivers/STM32F1xx_HAL_Driver/Src/stm32f1xx_hal_gpio.o
LOAD Drivers/STM32F1xx_HAL_Driver/Src/stm32f1xx_hal_gpio_ex.o
LOAD Drivers/STM32F1xx_HAL_Driver/Src/stm32f1xx_hal_pwr.o
LOAD Drivers/STM32F1xx_HAL_Driver/Src/stm32f1xx_hal_rcc.o
LOAD Drivers/STM32F1xx_HAL_Driver/Src/stm32f1xx_hal_rcc_ex.o
LOAD Drivers/STM32F1xx_HAL_Driver/Src/stm32f1xx_hal_spi.o
LOAD Drivers/STM32F1xx_HAL_Driver/Src/stm32f1xx_hal_spi_ex.o
LOAD Drivers/STM32F1xx_HAL_Driver/Src/stm32f1xx_hal_tim.o
LOAD Drivers/STM32F1xx_HAL_Driver/Src/stm32f1xx_hal_tim_ex.o
LOAD Drivers/STM32F1xx_HAL_Driver/Src/stm32f1xx_hal_uart.o
LOAD Src/MPU9250.o
LOAD Src/dma.o
LOAD Src/gpio.o
LOAD Src/main.o
LOAD Src/spi.o
LOAD Src/stm32f1xx_hal_msp.o
LOAD Src/stm32f1xx_it.o
LOAD Src/system_stm32f1xx.o
LOAD Src/tim.o
LOAD Src/usart.o
LOAD startup/startup_stm32f103xb.o
LOAD /Applications/Ac6/SystemWorkbench.app/Contents/Eclipse/plugins/fr.ac6.mcu.externaltools.arm-none.macos64_1.15.0.201708311556/tools/compiler/bin/../lib/gcc/arm-none-eabi/6.3.1/../../../../arm-none-eabi/lib/thumb/v7-m/libm.a
START GROUP
LOAD /Applications/Ac6/SystemWorkbench.app/Contents/Eclipse/plugins/fr.ac6.mcu.externaltools.arm-none.macos64_1.15.0.201708311556/tools/compiler/bin/../lib/gcc/arm-none-eabi/6.3.1/thumb/v7-m/libgcc.a
LOAD /Applications/Ac6/SystemWorkbench.app/Contents/Eclipse/plugins/fr.ac6.mcu.externaltools.arm-none.macos64_1.15.0.201708311556/tools/compiler/bin/../lib/gcc/arm-none-eabi/6.3.1/../../../../arm-none-eabi/lib/thumb/v7-m/libc_nano.a
END GROUP
START GROUP
LOAD /Applications/Ac6/SystemWorkbench.app/Contents/Eclipse/plugins/fr.ac6.mcu.externaltools.arm-none.macos64_1.15.0.201708311556/tools/compiler/bin/../lib/gcc/arm-none-eabi/6.3.1/thumb/v7-m/libgcc.a
LOAD /Applications/Ac6/SystemWorkbench.app/Contents/Eclipse/plugins/fr.ac6.mcu.externaltools.arm-none.macos64_1.15.0.201708311556/tools/compiler/bin/../lib/gcc/arm-none-eabi/6.3.1/../../../../arm-none-eabi/lib/thumb/v7-m/libc_nano.a
LOAD /Applications/Ac6/SystemWorkbench.app/Contents/Eclipse/plugins/fr.ac6.mcu.externaltools.arm-none.macos64_1.15.0.201708311556/tools/compiler/bin/../lib/gcc/arm-none-eabi/6.3.1/../../../../arm-none-eabi/lib/thumb/v7-m/libnosys.a
END GROUP
START GROUP
LOAD /Applications/Ac6/SystemWorkbench.app/Contents/Eclipse/plugins/fr.ac6.mcu.externaltools.arm-none.macos64_1.15.0.201708311556/tools/compiler/bin/../lib/gcc/arm-none-eabi/6.3.1/thumb/v7-m/libgcc.a
LOAD /Applications/Ac6/SystemWorkbench.app/Contents/Eclipse/plugins/fr.ac6.mcu.externaltools.arm-none.macos64_1.15.0.201708311556/tools/compiler/bin/../lib/gcc/arm-none-eabi/6.3.1/../../../../arm-none-eabi/lib/thumb/v7-m/libc_nano.a
LOAD /Applications/Ac6/SystemWorkbench.app/Contents/Eclipse/plugins/fr.ac6.mcu.externaltools.arm-none.macos64_1.15.0.201708311556/tools/compiler/bin/../lib/gcc/arm-none-eabi/6.3.1/../../../../arm-none-eabi/lib/thumb/v7-m/libnosys.a
END GROUP
LOAD /Applications/Ac6/SystemWorkbench.app/Contents/Eclipse/plugins/fr.ac6.mcu.externaltools.arm-none.macos64_1.15.0.201708311556/tools/compiler/bin/../lib/gcc/arm-none-eabi/6.3.1/thumb/v7-m/crtend.o
LOAD /Applications/Ac6/SystemWorkbench.app/Contents/Eclipse/plugins/fr.ac6.mcu.externaltools.arm-none.macos64_1.15.0.201708311556/tools/compiler/bin/../lib/gcc/arm-none-eabi/6.3.1/thumb/v7-m/crtn.o
                0x0000000020005000                _estack = 0x20005000
                0x0000000000000200                _Min_Heap_Size = 0x200
                0x0000000000000400                _Min_Stack_Size = 0x400

.isr_vector     0x0000000008000000      0x10c
                0x0000000008000000                . = ALIGN (0x4)
 *(.isr_vector)
 .isr_vector    0x0000000008000000      0x10c startup/startup_stm32f103xb.o
                0x0000000008000000                g_pfnVectors
                0x000000000800010c                . = ALIGN (0x4)

.text           0x0000000008000110     0x5b9c
                0x0000000008000110                . = ALIGN (0x4)
 *(.text)
 .text          0x0000000008000110       0x6c /Applications/Ac6/SystemWorkbench.app/Contents/Eclipse/plugins/fr.ac6.mcu.externaltools.arm-none.macos64_1.15.0.201708311556/tools/compiler/bin/../lib/gcc/arm-none-eabi/6.3.1/thumb/v7-m/crtbegin.o
 .text          0x000000000800017c      0x370 /Applications/Ac6/SystemWorkbench.app/Contents/Eclipse/plugins/fr.ac6.mcu.externaltools.arm-none.macos64_1.15.0.201708311556/tools/compiler/bin/../lib/gcc/arm-none-eabi/6.3.1/thumb/v7-m/libgcc.a(_arm_addsubdf3.o)
                0x000000000800017c                __aeabi_drsub
                0x0000000008000184                __subdf3
                0x0000000008000184                __aeabi_dsub
                0x0000000008000188                __aeabi_dadd
                0x0000000008000188                __adddf3
                0x0000000008000400                __aeabi_ui2d
                0x0000000008000400                __floatunsidf
                0x0000000008000420                __floatsidf
                0x0000000008000420                __aeabi_i2d
                0x0000000008000444                __extendsfdf2
                0x0000000008000444                __aeabi_f2d
                0x0000000008000480                __aeabi_ul2d
                0x0000000008000480                __floatundidf
                0x0000000008000490                __aeabi_l2d
                0x0000000008000490                __floatdidf
 .text          0x00000000080004ec      0x424 /Applications/Ac6/SystemWorkbench.app/Contents/Eclipse/plugins/fr.ac6.mcu.externaltools.arm-none.macos64_1.15.0.201708311556/tools/compiler/bin/../lib/gcc/arm-none-eabi/6.3.1/thumb/v7-m/libgcc.a(_arm_muldivdf3.o)
                0x00000000080004ec                __aeabi_dmul
                0x00000000080004ec                __muldf3
                0x0000000008000740                __aeabi_ddiv
                0x0000000008000740                __divdf3
 .text          0x0000000008000910      0x110 /Applications/Ac6/SystemWorkbench.app/Contents/Eclipse/plugins/fr.ac6.mcu.externaltools.arm-none.macos64_1.15.0.201708311556/tools/compiler/bin/../lib/gcc/arm-none-eabi/6.3.1/thumb/v7-m/libgcc.a(_arm_cmpdf2.o)
                0x0000000008000910                __gedf2
                0x0000000008000910                __gtdf2
                0x0000000008000918                __ledf2
                0x0000000008000918                __ltdf2
                0x0000000008000920                __cmpdf2
                0x0000000008000920                __eqdf2
                0x0000000008000920                __nedf2
                0x000000000800099c                __aeabi_cdrcmple
                0x00000000080009ac                __aeabi_cdcmple
                0x00000000080009ac                __aeabi_cdcmpeq
                0x00000000080009bc                __aeabi_dcmpeq
                0x00000000080009d0                __aeabi_dcmplt
                0x00000000080009e4                __aeabi_dcmple
                0x00000000080009f8                __aeabi_dcmpge
                0x0000000008000a0c                __aeabi_dcmpgt
 .text          0x0000000008000a20       0x2c /Applications/Ac6/SystemWorkbench.app/Contents/Eclipse/plugins/fr.ac6.mcu.externaltools.arm-none.macos64_1.15.0.201708311556/tools/compiler/bin/../lib/gcc/arm-none-eabi/6.3.1/thumb/v7-m/libgcc.a(_arm_unorddf2.o)
                0x0000000008000a20                __aeabi_dcmpun
                0x0000000008000a20                __unorddf2
 .text          0x0000000008000a4c       0xa0 /Applications/Ac6/SystemWorkbench.app/Contents/Eclipse/plugins/fr.ac6.mcu.externaltools.arm-none.macos64_1.15.0.201708311556/tools/compiler/bin/../lib/gcc/arm-none-eabi/6.3.1/thumb/v7-m/libgcc.a(_arm_truncdfsf2.o)
                0x0000000008000a4c                __aeabi_d2f
                0x0000000008000a4c                __truncdfsf2
 .text          0x0000000008000aec      0x21c /Applications/Ac6/SystemWorkbench.app/Contents/Eclipse/plugins/fr.ac6.mcu.externaltools.arm-none.macos64_1.15.0.201708311556/tools/compiler/bin/../lib/gcc/arm-none-eabi/6.3.1/thumb/v7-m/libgcc.a(_arm_addsubsf3.o)
                0x0000000008000aec                __aeabi_frsub
                0x0000000008000af4                __aeabi_fsub
                0x0000000008000af4                __subsf3
                0x0000000008000af8                __aeabi_fadd
                0x0000000008000af8                __addsf3
                0x0000000008000c58                __aeabi_ui2f
                0x0000000008000c58                __floatunsisf
                0x0000000008000c60                __floatsisf
                0x0000000008000c60                __aeabi_i2f
                0x0000000008000c7c                __aeabi_ul2f
                0x0000000008000c7c                __floatundisf
                0x0000000008000c8c                __aeabi_l2f
                0x0000000008000c8c                __floatdisf
 .text          0x0000000008000d08      0x2a0 /Applications/Ac6/SystemWorkbench.app/Contents/Eclipse/plugins/fr.ac6.mcu.externaltools.arm-none.macos64_1.15.0.201708311556/tools/compiler/bin/../lib/gcc/arm-none-eabi/6.3.1/thumb/v7-m/libgcc.a(_arm_muldivsf3.o)
                0x0000000008000d08                __mulsf3
                0x0000000008000d08                __aeabi_fmul
                0x0000000008000e70                __divsf3
                0x0000000008000e70                __aeabi_fdiv
 .text          0x0000000008000fa8       0x4c /Applications/Ac6/SystemWorkbench.app/Contents/Eclipse/plugins/fr.ac6.mcu.externaltools.arm-none.macos64_1.15.0.201708311556/tools/compiler/bin/../lib/gcc/arm-none-eabi/6.3.1/thumb/v7-m/libgcc.a(_arm_fixsfsi.o)
                0x0000000008000fa8                __fixsfsi
                0x0000000008000fa8                __aeabi_f2iz
 .text          0x0000000008000ff4       0x10 /Applications/Ac6/SystemWorkbench.app/Contents/Eclipse/plugins/fr.ac6.mcu.externaltools.arm-none.macos64_1.15.0.201708311556/tools/compiler/bin/../lib/gcc/arm-none-eabi/6.3.1/../../../../arm-none-eabi/lib/thumb/v7-m/libc_nano.a(lib_a-strlen.o)
                0x0000000008000ff4                strlen
 *(.text*)
 .text.HAL_InitTick
                0x0000000008001004       0x2c Drivers/STM32F1xx_HAL_Driver/Src/stm32f1xx_hal.o
                0x0000000008001004                HAL_InitTick
 .text.HAL_Init
                0x0000000008001030       0x24 Drivers/STM32F1xx_HAL_Driver/Src/stm32f1xx_hal.o
                0x0000000008001030                HAL_Init
 .text.HAL_IncTick
                0x0000000008001054       0x10 Drivers/STM32F1xx_HAL_Driver/Src/stm32f1xx_hal.o
                0x0000000008001054                HAL_IncTick
 .text.HAL_GetTick
                0x0000000008001064        0xc Drivers/STM32F1xx_HAL_Driver/Src/stm32f1xx_hal.o
                0x0000000008001064                HAL_GetTick
 .text.HAL_Delay
                0x0000000008001070       0x24 Drivers/STM32F1xx_HAL_Driver/Src/stm32f1xx_hal.o
                0x0000000008001070                HAL_Delay
 .text.HAL_NVIC_SetPriorityGrouping
                0x0000000008001094       0x24 Drivers/STM32F1xx_HAL_Driver/Src/stm32f1xx_hal_cortex.o
                0x0000000008001094                HAL_NVIC_SetPriorityGrouping
 .text.HAL_NVIC_SetPriority
                0x00000000080010b8       0x64 Drivers/STM32F1xx_HAL_Driver/Src/stm32f1xx_hal_cortex.o
                0x00000000080010b8                HAL_NVIC_SetPriority
 .text.HAL_NVIC_EnableIRQ
                0x000000000800111c       0x18 Drivers/STM32F1xx_HAL_Driver/Src/stm32f1xx_hal_cortex.o
                0x000000000800111c                HAL_NVIC_EnableIRQ
 .text.HAL_SYSTICK_Config
                0x0000000008001134       0x2c Drivers/STM32F1xx_HAL_Driver/Src/stm32f1xx_hal_cortex.o
                0x0000000008001134                HAL_SYSTICK_Config
 .text.HAL_SYSTICK_CLKSourceConfig
                0x0000000008001160       0x20 Drivers/STM32F1xx_HAL_Driver/Src/stm32f1xx_hal_cortex.o
                0x0000000008001160                HAL_SYSTICK_CLKSourceConfig
 .text.HAL_SYSTICK_Callback
                0x0000000008001180        0x2 Drivers/STM32F1xx_HAL_Driver/Src/stm32f1xx_hal_cortex.o
                0x0000000008001180                HAL_SYSTICK_Callback
 .text.HAL_SYSTICK_IRQHandler
                0x0000000008001182        0x8 Drivers/STM32F1xx_HAL_Driver/Src/stm32f1xx_hal_cortex.o
                0x0000000008001182                HAL_SYSTICK_IRQHandler
 .text.DMA_SetConfig
                0x000000000800118a       0x2c Drivers/STM32F1xx_HAL_Driver/Src/stm32f1xx_hal_dma.o
 *fill*         0x00000000080011b6        0x2 
 .text.HAL_DMA_Init
                0x00000000080011b8       0x78 Drivers/STM32F1xx_HAL_Driver/Src/stm32f1xx_hal_dma.o
                0x00000000080011b8                HAL_DMA_Init
 .text.HAL_DMA_Start_IT
                0x0000000008001230       0x74 Drivers/STM32F1xx_HAL_Driver/Src/stm32f1xx_hal_dma.o
                0x0000000008001230                HAL_DMA_Start_IT
 .text.HAL_DMA_Abort_IT
                0x00000000080012a4       0x98 Drivers/STM32F1xx_HAL_Driver/Src/stm32f1xx_hal_dma.o
                0x00000000080012a4                HAL_DMA_Abort_IT
 .text.HAL_DMA_IRQHandler
                0x000000000800133c      0x144 Drivers/STM32F1xx_HAL_Driver/Src/stm32f1xx_hal_dma.o
                0x000000000800133c                HAL_DMA_IRQHandler
 .text.HAL_GPIO_Init
                0x0000000008001480      0x1ec Drivers/STM32F1xx_HAL_Driver/Src/stm32f1xx_hal_gpio.o
                0x0000000008001480                HAL_GPIO_Init
 .text.HAL_GPIO_WritePin
                0x000000000800166c        0xc Drivers/STM32F1xx_HAL_Driver/Src/stm32f1xx_hal_gpio.o
                0x000000000800166c                HAL_GPIO_WritePin
 .text.HAL_GPIO_TogglePin
                0x0000000008001678        0x8 Drivers/STM32F1xx_HAL_Driver/Src/stm32f1xx_hal_gpio.o
                0x0000000008001678                HAL_GPIO_TogglePin
 .text.RCC_Delay
                0x0000000008001680       0x2c Drivers/STM32F1xx_HAL_Driver/Src/stm32f1xx_hal_rcc.o
 .text.HAL_RCC_OscConfig
                0x00000000080016ac      0x3e0 Drivers/STM32F1xx_HAL_Driver/Src/stm32f1xx_hal_rcc.o
                0x00000000080016ac                HAL_RCC_OscConfig
 .text.HAL_RCC_GetSysClockFreq
                0x0000000008001a8c       0x7c Drivers/STM32F1xx_HAL_Driver/Src/stm32f1xx_hal_rcc.o
                0x0000000008001a8c                HAL_RCC_GetSysClockFreq
 .text.HAL_RCC_ClockConfig
                0x0000000008001b08      0x178 Drivers/STM32F1xx_HAL_Driver/Src/stm32f1xx_hal_rcc.o
                0x0000000008001b08                HAL_RCC_ClockConfig
 .text.HAL_RCC_GetHCLKFreq
                0x0000000008001c80        0xc Drivers/STM32F1xx_HAL_Driver/Src/stm32f1xx_hal_rcc.o
                0x0000000008001c80                HAL_RCC_GetHCLKFreq
 .text.HAL_RCC_GetPCLK1Freq
                0x0000000008001c8c       0x20 Drivers/STM32F1xx_HAL_Driver/Src/stm32f1xx_hal_rcc.o
                0x0000000008001c8c                HAL_RCC_GetPCLK1Freq
 .text.HAL_RCC_GetPCLK2Freq
                0x0000000008001cac       0x20 Drivers/STM32F1xx_HAL_Driver/Src/stm32f1xx_hal_rcc.o
                0x0000000008001cac                HAL_RCC_GetPCLK2Freq
 .text.SPI_WaitFlagStateUntilTimeout
                0x0000000008001ccc       0x96 Drivers/STM32F1xx_HAL_Driver/Src/stm32f1xx_hal_spi.o
 .text.SPI_CheckFlag_BSY
                0x0000000008001d62       0x26 Drivers/STM32F1xx_HAL_Driver/Src/stm32f1xx_hal_spi.o
 .text.HAL_SPI_Transmit
                0x0000000008001d88      0x1ac Drivers/STM32F1xx_HAL_Driver/Src/stm32f1xx_hal_spi.o
                0x0000000008001d88                HAL_SPI_Transmit
 .text.HAL_SPI_TransmitReceive
                0x0000000008001f34      0x242 Drivers/STM32F1xx_HAL_Driver/Src/stm32f1xx_hal_spi.o
                0x0000000008001f34                HAL_SPI_TransmitReceive
 .text.HAL_SPI_Receive
                0x0000000008002176      0x16a Drivers/STM32F1xx_HAL_Driver/Src/stm32f1xx_hal_spi.o
                0x0000000008002176                HAL_SPI_Receive
 .text.HAL_SPI_TransmitReceive_DMA
                0x00000000080022e0      0x12c Drivers/STM32F1xx_HAL_Driver/Src/stm32f1xx_hal_spi.o
                0x00000000080022e0                HAL_SPI_TransmitReceive_DMA
 .text.HAL_SPI_RxCpltCallback
                0x000000000800240c        0x2 Drivers/STM32F1xx_HAL_Driver/Src/stm32f1xx_hal_spi.o
                0x000000000800240c                HAL_SPI_RxCpltCallback
 .text.HAL_SPI_RxHalfCpltCallback
                0x000000000800240e        0x2 Drivers/STM32F1xx_HAL_Driver/Src/stm32f1xx_hal_spi.o
                0x000000000800240e                HAL_SPI_RxHalfCpltCallback
 .text.SPI_DMAHalfReceiveCplt
                0x0000000008002410        0xa Drivers/STM32F1xx_HAL_Driver/Src/stm32f1xx_hal_spi.o
 .text.HAL_SPI_TxRxHalfCpltCallback
                0x000000000800241a        0x2 Drivers/STM32F1xx_HAL_Driver/Src/stm32f1xx_hal_spi.o
                0x000000000800241a                HAL_SPI_TxRxHalfCpltCallback
 .text.SPI_DMAHalfTransmitReceiveCplt
                0x000000000800241c        0xa Drivers/STM32F1xx_HAL_Driver/Src/stm32f1xx_hal_spi.o
 .text.HAL_SPI_ErrorCallback
                0x0000000008002426        0x2 Drivers/STM32F1xx_HAL_Driver/Src/stm32f1xx_hal_spi.o
                0x0000000008002426                HAL_SPI_ErrorCallback
 .text.SPI_DMAError
                0x0000000008002428       0x22 Drivers/STM32F1xx_HAL_Driver/Src/stm32f1xx_hal_spi.o
 .text.SPI_DMAReceiveCplt
                0x000000000800244a       0x58 Drivers/STM32F1xx_HAL_Driver/Src/stm32f1xx_hal_spi.o
 .text.SPI_DMATransmitReceiveCplt
                0x00000000080024a2       0x52 Drivers/STM32F1xx_HAL_Driver/Src/stm32f1xx_hal_spi.o
 .text.HAL_SPI_IRQHandler
                0x00000000080024f4       0xe8 Drivers/STM32F1xx_HAL_Driver/Src/stm32f1xx_hal_spi.o
                0x00000000080024f4                HAL_SPI_IRQHandler
 .text.SPI_DMAAbortOnError
                0x00000000080025dc       0x10 Drivers/STM32F1xx_HAL_Driver/Src/stm32f1xx_hal_spi.o
 .text.HAL_SPI_Init
                0x00000000080025ec       0x82 Drivers/STM32F1xx_HAL_Driver/Src/stm32f1xx_hal_spi_ex.o
                0x00000000080025ec                HAL_SPI_Init
 *fill*         0x000000000800266e        0x2 
 .text.TIM_OC1_SetConfig
                0x0000000008002670       0x5c Drivers/STM32F1xx_HAL_Driver/Src/stm32f1xx_hal_tim.o
 .text.TIM_OC3_SetConfig
                0x00000000080026cc       0x64 Drivers/STM32F1xx_HAL_Driver/Src/stm32f1xx_hal_tim.o
 .text.TIM_OC4_SetConfig
                0x0000000008002730       0x48 Drivers/STM32F1xx_HAL_Driver/Src/stm32f1xx_hal_tim.o
 .text.TIM_TI1_ConfigInputStage
                0x0000000008002778       0x24 Drivers/STM32F1xx_HAL_Driver/Src/stm32f1xx_hal_tim.o
 .text.TIM_TI2_ConfigInputStage
                0x000000000800279c       0x26 Drivers/STM32F1xx_HAL_Driver/Src/stm32f1xx_hal_tim.o
 .text.TIM_ITRx_SetConfig
                0x00000000080027c2       0x10 Drivers/STM32F1xx_HAL_Driver/Src/stm32f1xx_hal_tim.o
 .text.TIM_ETR_SetConfig
                0x00000000080027d2       0x16 Drivers/STM32F1xx_HAL_Driver/Src/stm32f1xx_hal_tim.o
 .text.HAL_TIM_PWM_MspInit
                0x00000000080027e8        0x2 Drivers/STM32F1xx_HAL_Driver/Src/stm32f1xx_hal_tim.o
                0x00000000080027e8                HAL_TIM_PWM_MspInit
 .text.HAL_TIM_ConfigClockSource
                0x00000000080027ea      0x108 Drivers/STM32F1xx_HAL_Driver/Src/stm32f1xx_hal_tim.o
                0x00000000080027ea                HAL_TIM_ConfigClockSource
 *fill*         0x00000000080028f2        0x2 
 .text.TIM_Base_SetConfig
                0x00000000080028f4       0x78 Drivers/STM32F1xx_HAL_Driver/Src/stm32f1xx_hal_tim.o
                0x00000000080028f4                TIM_Base_SetConfig
 .text.HAL_TIM_Base_Init
                0x000000000800296c       0x32 Drivers/STM32F1xx_HAL_Driver/Src/stm32f1xx_hal_tim.o
                0x000000000800296c                HAL_TIM_Base_Init
 .text.HAL_TIM_PWM_Init
                0x000000000800299e       0x32 Drivers/STM32F1xx_HAL_Driver/Src/stm32f1xx_hal_tim.o
                0x000000000800299e                HAL_TIM_PWM_Init
 .text.TIM_OC2_SetConfig
                0x00000000080029d0       0x64 Drivers/STM32F1xx_HAL_Driver/Src/stm32f1xx_hal_tim.o
                0x00000000080029d0                TIM_OC2_SetConfig
 .text.HAL_TIM_PWM_ConfigChannel
                0x0000000008002a34       0xdc Drivers/STM32F1xx_HAL_Driver/Src/stm32f1xx_hal_tim.o
                0x0000000008002a34                HAL_TIM_PWM_ConfigChannel
 .text.TIM_CCxChannelCmd
                0x0000000008002b10       0x1c Drivers/STM32F1xx_HAL_Driver/Src/stm32f1xx_hal_tim.o
                0x0000000008002b10                TIM_CCxChannelCmd
 .text.HAL_TIM_PWM_Start
                0x0000000008002b2c       0x30 Drivers/STM32F1xx_HAL_Driver/Src/stm32f1xx_hal_tim.o
                0x0000000008002b2c                HAL_TIM_PWM_Start
 .text.HAL_TIMEx_ConfigBreakDeadTime
                0x0000000008002b5c       0x58 Drivers/STM32F1xx_HAL_Driver/Src/stm32f1xx_hal_tim_ex.o
                0x0000000008002b5c                HAL_TIMEx_ConfigBreakDeadTime
 .text.HAL_TIMEx_MasterConfigSynchronization
                0x0000000008002bb4       0x52 Drivers/STM32F1xx_HAL_Driver/Src/stm32f1xx_hal_tim_ex.o
                0x0000000008002bb4                HAL_TIMEx_MasterConfigSynchronization
 *fill*         0x0000000008002c06        0x2 
 .text.UART_SetConfig
                0x0000000008002c08      0x1b0 Drivers/STM32F1xx_HAL_Driver/Src/stm32f1xx_hal_uart.o
 .text.UART_WaitOnFlagUntilTimeout
                0x0000000008002db8       0x64 Drivers/STM32F1xx_HAL_Driver/Src/stm32f1xx_hal_uart.o
 .text.HAL_UART_Init
                0x0000000008002e1c       0x5e Drivers/STM32F1xx_HAL_Driver/Src/stm32f1xx_hal_uart.o
                0x0000000008002e1c                HAL_UART_Init
 .text.HAL_UART_Transmit
                0x0000000008002e7a       0xe2 Drivers/STM32F1xx_HAL_Driver/Src/stm32f1xx_hal_uart.o
                0x0000000008002e7a                HAL_UART_Transmit
 .text._write_byte
                0x0000000008002f5c       0x3c Src/MPU9250.o
 .text._read_byte
                0x0000000008002f98       0x54 Src/MPU9250.o
 .text.MPU9250_ReadDataDMA
                0x0000000008002fec       0x48 Src/MPU9250.o
                0x0000000008002fec                MPU9250_ReadDataDMA
 .text.MPU9250_ReadDataSync
                0x0000000008003034      0x13c Src/MPU9250.o
                0x0000000008003034                MPU9250_ReadDataSync
 .text.MPU9250_CheckConnection
                0x0000000008003170        0xa Src/MPU9250.o
                0x0000000008003170                MPU9250_CheckConnection
 *fill*         0x000000000800317a        0x2 
 .text.MPU9250_Init
                0x000000000800317c       0xd4 Src/MPU9250.o
                0x000000000800317c                MPU9250_Init
 .text.HAL_SPI_TxRxCpltCallback
                0x0000000008003250       0xec Src/MPU9250.o
                0x0000000008003250                HAL_SPI_TxRxCpltCallback
 .text.MX_DMA_Init
                0x000000000800333c       0x44 Src/dma.o
                0x000000000800333c                MX_DMA_Init
 .text.MX_GPIO_Init
                0x0000000008003380       0xc4 Src/gpio.o
                0x0000000008003380                MX_GPIO_Init
 .text._Error_Handler
                0x0000000008003444        0x2 Src/main.o
                0x0000000008003444                _Error_Handler
 *fill*         0x0000000008003446        0x2 
 .text.SystemClock_Config
                0x0000000008003448       0x84 Src/main.o
                0x0000000008003448                SystemClock_Config
 *fill*         0x00000000080034cc        0x4 
 .text.main     0x00000000080034d0      0x224 Src/main.o
                0x00000000080034d0                main
 .text.MX_SPI1_Init
                0x00000000080036f4       0x50 Src/spi.o
                0x00000000080036f4                MX_SPI1_Init
 .text.HAL_SPI_MspInit
                0x0000000008003744       0xdc Src/spi.o
                0x0000000008003744                HAL_SPI_MspInit
 .text.HAL_MspInit
                0x0000000008003820       0x94 Src/stm32f1xx_hal_msp.o
                0x0000000008003820                HAL_MspInit
 .text.NMI_Handler
                0x00000000080038b4        0x2 Src/stm32f1xx_it.o
                0x00000000080038b4                NMI_Handler
 .text.HardFault_Handler
                0x00000000080038b6        0x2 Src/stm32f1xx_it.o
                0x00000000080038b6                HardFault_Handler
 .text.MemManage_Handler
                0x00000000080038b8        0x2 Src/stm32f1xx_it.o
                0x00000000080038b8                MemManage_Handler
 .text.BusFault_Handler
                0x00000000080038ba        0x2 Src/stm32f1xx_it.o
                0x00000000080038ba                BusFault_Handler
 .text.UsageFault_Handler
                0x00000000080038bc        0x2 Src/stm32f1xx_it.o
                0x00000000080038bc                UsageFault_Handler
 .text.SVC_Handler
                0x00000000080038be        0x2 Src/stm32f1xx_it.o
                0x00000000080038be                SVC_Handler
 .text.DebugMon_Handler
                0x00000000080038c0        0x2 Src/stm32f1xx_it.o
                0x00000000080038c0                DebugMon_Handler
 .text.PendSV_Handler
                0x00000000080038c2        0x2 Src/stm32f1xx_it.o
                0x00000000080038c2                PendSV_Handler
 .text.SysTick_Handler
                0x00000000080038c4        0xc Src/stm32f1xx_it.o
                0x00000000080038c4                SysTick_Handler
 .text.DMA1_Channel2_IRQHandler
                0x00000000080038d0       0x10 Src/stm32f1xx_it.o
                0x00000000080038d0                DMA1_Channel2_IRQHandler
 .text.DMA1_Channel3_IRQHandler
                0x00000000080038e0       0x10 Src/stm32f1xx_it.o
                0x00000000080038e0                DMA1_Channel3_IRQHandler
 .text.SPI1_IRQHandler
                0x00000000080038f0       0x10 Src/stm32f1xx_it.o
                0x00000000080038f0                SPI1_IRQHandler
 .text.SystemInit
                0x0000000008003900       0x4c Src/system_stm32f1xx.o
                0x0000000008003900                SystemInit
 .text.HAL_TIM_Base_MspInit
                0x000000000800394c       0x2c Src/tim.o
                0x000000000800394c                HAL_TIM_Base_MspInit
 .text.HAL_TIM_MspPostInit
                0x0000000008003978       0x30 Src/tim.o
                0x0000000008003978                HAL_TIM_MspPostInit
 .text.MX_TIM1_Init
                0x00000000080039a8      0x12c Src/tim.o
                0x00000000080039a8                MX_TIM1_Init
 .text.MX_USART1_UART_Init
                0x0000000008003ad4       0x3c Src/usart.o
                0x0000000008003ad4                MX_USART1_UART_Init
 .text.MX_USART2_UART_Init
                0x0000000008003b10       0x3c Src/usart.o
                0x0000000008003b10                MX_USART2_UART_Init
 .text.HAL_UART_MspInit
                0x0000000008003b4c       0xb4 Src/usart.o
                0x0000000008003b4c                HAL_UART_MspInit
 .text.Reset_Handler
                0x0000000008003c00       0x48 startup/startup_stm32f103xb.o
                0x0000000008003c00                Reset_Handler
 .text.Default_Handler
                0x0000000008003c48        0x2 startup/startup_stm32f103xb.o
                0x0000000008003c48                USBWakeUp_IRQHandler
                0x0000000008003c48                EXTI2_IRQHandler
                0x0000000008003c48                TIM1_CC_IRQHandler
                0x0000000008003c48                PVD_IRQHandler
                0x0000000008003c48                EXTI3_IRQHandler
                0x0000000008003c48                EXTI0_IRQHandler
                0x0000000008003c48                I2C2_EV_IRQHandler
                0x0000000008003c48                ADC1_2_IRQHandler
                0x0000000008003c48                TAMPER_IRQHandler
                0x0000000008003c48                DMA1_Channel4_IRQHandler
                0x0000000008003c48                USART3_IRQHandler
                0x0000000008003c48                RTC_IRQHandler
                0x0000000008003c48                DMA1_Channel7_IRQHandler
                0x0000000008003c48                CAN1_RX1_IRQHandler
                0x0000000008003c48                TIM4_IRQHandler
                0x0000000008003c48                I2C1_EV_IRQHandler
                0x0000000008003c48                DMA1_Channel6_IRQHandler
                0x0000000008003c48                TIM3_IRQHandler
                0x0000000008003c48                RCC_IRQHandler
                0x0000000008003c48                TIM1_TRG_COM_IRQHandler
                0x0000000008003c48                DMA1_Channel1_IRQHandler
                0x0000000008003c48                Default_Handler
                0x0000000008003c48                EXTI15_10_IRQHandler
                0x0000000008003c48                EXTI9_5_IRQHandler
                0x0000000008003c48                SPI2_IRQHandler
                0x0000000008003c48                DMA1_Channel5_IRQHandler
                0x0000000008003c48                EXTI4_IRQHandler
                0x0000000008003c48                USB_LP_CAN1_RX0_IRQHandler
                0x0000000008003c48                USB_HP_CAN1_TX_IRQHandler
                0x0000000008003c48                TIM1_UP_IRQHandler
                0x0000000008003c48                WWDG_IRQHandler
                0x0000000008003c48                TIM2_IRQHandler
                0x0000000008003c48                TIM1_BRK_IRQHandler
                0x0000000008003c48                EXTI1_IRQHandler
                0x0000000008003c48                USART2_IRQHandler
                0x0000000008003c48                I2C2_ER_IRQHandler
                0x0000000008003c48                CAN1_SCE_IRQHandler
                0x0000000008003c48                FLASH_IRQHandler
                0x0000000008003c48                USART1_IRQHandler
                0x0000000008003c48                I2C1_ER_IRQHandler
                0x0000000008003c48                RTC_Alarm_IRQHandler
 *fill*         0x0000000008003c4a        0x2 
 .text.atan2    0x0000000008003c4c        0x4 /Applications/Ac6/SystemWorkbench.app/Contents/Eclipse/plugins/fr.ac6.mcu.externaltools.arm-none.macos64_1.15.0.201708311556/tools/compiler/bin/../lib/gcc/arm-none-eabi/6.3.1/../../../../arm-none-eabi/lib/thumb/v7-m/libm.a(lib_a-w_atan2.o)
                0x0000000008003c4c                atan2
 .text.pow      0x0000000008003c50      0x340 /Applications/Ac6/SystemWorkbench.app/Contents/Eclipse/plugins/fr.ac6.mcu.externaltools.arm-none.macos64_1.15.0.201708311556/tools/compiler/bin/../lib/gcc/arm-none-eabi/6.3.1/../../../../arm-none-eabi/lib/thumb/v7-m/libm.a(lib_a-w_pow.o)
                0x0000000008003c50                pow
 .text.sqrt     0x0000000008003f90       0xbc /Applications/Ac6/SystemWorkbench.app/Contents/Eclipse/plugins/fr.ac6.mcu.externaltools.arm-none.macos64_1.15.0.201708311556/tools/compiler/bin/../lib/gcc/arm-none-eabi/6.3.1/../../../../arm-none-eabi/lib/thumb/v7-m/libm.a(lib_a-w_sqrt.o)
                0x0000000008003f90                sqrt
 *fill*         0x000000000800404c        0x4 
 .text.__ieee754_atan2
                0x0000000008004050      0x1d4 /Applications/Ac6/SystemWorkbench.app/Contents/Eclipse/plugins/fr.ac6.mcu.externaltools.arm-none.macos64_1.15.0.201708311556/tools/compiler/bin/../lib/gcc/arm-none-eabi/6.3.1/../../../../arm-none-eabi/lib/thumb/v7-m/libm.a(lib_a-e_atan2.o)
                0x0000000008004050                __ieee754_atan2
 *fill*         0x0000000008004224        0x4 
 .text.__ieee754_pow
                0x0000000008004228      0xaac /Applications/Ac6/SystemWorkbench.app/Contents/Eclipse/plugins/fr.ac6.mcu.externaltools.arm-none.macos64_1.15.0.201708311556/tools/compiler/bin/../lib/gcc/arm-none-eabi/6.3.1/../../../../arm-none-eabi/lib/thumb/v7-m/libm.a(lib_a-e_pow.o)
                0x0000000008004228                __ieee754_pow
 .text.__ieee754_sqrt
                0x0000000008004cd4      0x178 /Applications/Ac6/SystemWorkbench.app/Contents/Eclipse/plugins/fr.ac6.mcu.externaltools.arm-none.macos64_1.15.0.201708311556/tools/compiler/bin/../lib/gcc/arm-none-eabi/6.3.1/../../../../arm-none-eabi/lib/thumb/v7-m/libm.a(lib_a-e_sqrt.o)
                0x0000000008004cd4                __ieee754_sqrt
 *fill*         0x0000000008004e4c        0x4 
 .text.atan     0x0000000008004e50      0x344 /Applications/Ac6/SystemWorkbench.app/Contents/Eclipse/plugins/fr.ac6.mcu.externaltools.arm-none.macos64_1.15.0.201708311556/tools/compiler/bin/../lib/gcc/arm-none-eabi/6.3.1/../../../../arm-none-eabi/lib/thumb/v7-m/libm.a(lib_a-s_atan.o)
                0x0000000008004e50                atan
 .text.fabs     0x0000000008005194        0x8 /Applications/Ac6/SystemWorkbench.app/Contents/Eclipse/plugins/fr.ac6.mcu.externaltools.arm-none.macos64_1.15.0.201708311556/tools/compiler/bin/../lib/gcc/arm-none-eabi/6.3.1/../../../../arm-none-eabi/lib/thumb/v7-m/libm.a(lib_a-s_fabs.o)
                0x0000000008005194                fabs
 .text.finite   0x000000000800519c        0xc /Applications/Ac6/SystemWorkbench.app/Contents/Eclipse/plugins/fr.ac6.mcu.externaltools.arm-none.macos64_1.15.0.201708311556/tools/compiler/bin/../lib/gcc/arm-none-eabi/6.3.1/../../../../arm-none-eabi/lib/thumb/v7-m/libm.a(lib_a-s_finite.o)
                0x000000000800519c                finite
 .text.matherr  0x00000000080051a8        0x4 /Applications/Ac6/SystemWorkbench.app/Contents/Eclipse/plugins/fr.ac6.mcu.externaltools.arm-none.macos64_1.15.0.201708311556/tools/compiler/bin/../lib/gcc/arm-none-eabi/6.3.1/../../../../arm-none-eabi/lib/thumb/v7-m/libm.a(lib_a-s_matherr.o)
                0x00000000080051a8                matherr
 .text.nan      0x00000000080051ac        0xc /Applications/Ac6/SystemWorkbench.app/Contents/Eclipse/plugins/fr.ac6.mcu.externaltools.arm-none.macos64_1.15.0.201708311556/tools/compiler/bin/../lib/gcc/arm-none-eabi/6.3.1/../../../../arm-none-eabi/lib/thumb/v7-m/libm.a(lib_a-s_nan.o)
                0x00000000080051ac                nan
 .text.rint     0x00000000080051b8      0x11c /Applications/Ac6/SystemWorkbench.app/Contents/Eclipse/plugins/fr.ac6.mcu.externaltools.arm-none.macos64_1.15.0.201708311556/tools/compiler/bin/../lib/gcc/arm-none-eabi/6.3.1/../../../../arm-none-eabi/lib/thumb/v7-m/libm.a(lib_a-s_rint.o)
                0x00000000080051b8                rint
 *fill*         0x00000000080052d4        0x4 
 .text.scalbn   0x00000000080052d8       0xe4 /Applications/Ac6/SystemWorkbench.app/Contents/Eclipse/plugins/fr.ac6.mcu.externaltools.arm-none.macos64_1.15.0.201708311556/tools/compiler/bin/../lib/gcc/arm-none-eabi/6.3.1/../../../../arm-none-eabi/lib/thumb/v7-m/libm.a(lib_a-s_scalbn.o)
                0x00000000080052d8                scalbn
 .text.copysign
                0x00000000080053bc       0x10 /Applications/Ac6/SystemWorkbench.app/Contents/Eclipse/plugins/fr.ac6.mcu.externaltools.arm-none.macos64_1.15.0.201708311556/tools/compiler/bin/../lib/gcc/arm-none-eabi/6.3.1/../../../../arm-none-eabi/lib/thumb/v7-m/libm.a(lib_a-s_copysign.o)
                0x00000000080053bc                copysign
 .text.__errno  0x00000000080053cc        0xc /Applications/Ac6/SystemWorkbench.app/Contents/Eclipse/plugins/fr.ac6.mcu.externaltools.arm-none.macos64_1.15.0.201708311556/tools/compiler/bin/../lib/gcc/arm-none-eabi/6.3.1/../../../../arm-none-eabi/lib/thumb/v7-m/libc_nano.a(lib_a-errno.o)
                0x00000000080053cc                __errno
 .text.__libc_init_array
                0x00000000080053d8       0x48 /Applications/Ac6/SystemWorkbench.app/Contents/Eclipse/plugins/fr.ac6.mcu.externaltools.arm-none.macos64_1.15.0.201708311556/tools/compiler/bin/../lib/gcc/arm-none-eabi/6.3.1/../../../../arm-none-eabi/lib/thumb/v7-m/libc_nano.a(lib_a-init.o)
                0x00000000080053d8                __libc_init_array
 .text.sprintf  0x0000000008005420       0x48 /Applications/Ac6/SystemWorkbench.app/Contents/Eclipse/plugins/fr.ac6.mcu.externaltools.arm-none.macos64_1.15.0.201708311556/tools/compiler/bin/../lib/gcc/arm-none-eabi/6.3.1/../../../../arm-none-eabi/lib/thumb/v7-m/libc_nano.a(lib_a-sprintf.o)
                0x0000000008005420                sprintf
                0x0000000008005420                siprintf
 .text.__ssputs_r
                0x0000000008005468       0xb6 /Applications/Ac6/SystemWorkbench.app/Contents/Eclipse/plugins/fr.ac6.mcu.externaltools.arm-none.macos64_1.15.0.201708311556/tools/compiler/bin/../lib/gcc/arm-none-eabi/6.3.1/../../../../arm-none-eabi/lib/thumb/v7-m/libc_nano.a(lib_a-nano-svfprintf.o)
                0x0000000008005468                __ssputs_r
 *fill*         0x000000000800551e        0x2 
 .text._svfprintf_r
                0x0000000008005520      0x1e8 /Applications/Ac6/SystemWorkbench.app/Contents/Eclipse/plugins/fr.ac6.mcu.externaltools.arm-none.macos64_1.15.0.201708311556/tools/compiler/bin/../lib/gcc/arm-none-eabi/6.3.1/../../../../arm-none-eabi/lib/thumb/v7-m/libc_nano.a(lib_a-nano-svfprintf.o)
                0x0000000008005520                _svfprintf_r
                0x0000000008005520                _svfiprintf_r
 .text._printf_common
                0x0000000008005708       0xee /Applications/Ac6/SystemWorkbench.app/Contents/Eclipse/plugins/fr.ac6.mcu.externaltools.arm-none.macos64_1.15.0.201708311556/tools/compiler/bin/../lib/gcc/arm-none-eabi/6.3.1/../../../../arm-none-eabi/lib/thumb/v7-m/libc_nano.a(lib_a-nano-vfprintf_i.o)
                0x0000000008005708                _printf_common
 *fill*         0x00000000080057f6        0x2 
 .text._printf_i
                0x00000000080057f8      0x240 /Applications/Ac6/SystemWorkbench.app/Contents/Eclipse/plugins/fr.ac6.mcu.externaltools.arm-none.macos64_1.15.0.201708311556/tools/compiler/bin/../lib/gcc/arm-none-eabi/6.3.1/../../../../arm-none-eabi/lib/thumb/v7-m/libc_nano.a(lib_a-nano-vfprintf_i.o)
                0x00000000080057f8                _printf_i
 .text.memchr   0x0000000008005a38       0x1c /Applications/Ac6/SystemWorkbench.app/Contents/Eclipse/plugins/fr.ac6.mcu.externaltools.arm-none.macos64_1.15.0.201708311556/tools/compiler/bin/../lib/gcc/arm-none-eabi/6.3.1/../../../../arm-none-eabi/lib/thumb/v7-m/libc_nano.a(lib_a-memchr-stub.o)
                0x0000000008005a38                memchr
 .text.memcpy   0x0000000008005a54       0x16 /Applications/Ac6/SystemWorkbench.app/Contents/Eclipse/plugins/fr.ac6.mcu.externaltools.arm-none.macos64_1.15.0.201708311556/tools/compiler/bin/../lib/gcc/arm-none-eabi/6.3.1/../../../../arm-none-eabi/lib/thumb/v7-m/libc_nano.a(lib_a-memcpy-stub.o)
                0x0000000008005a54                memcpy
 .text.memmove  0x0000000008005a6a       0x34 /Applications/Ac6/SystemWorkbench.app/Contents/Eclipse/plugins/fr.ac6.mcu.externaltools.arm-none.macos64_1.15.0.201708311556/tools/compiler/bin/../lib/gcc/arm-none-eabi/6.3.1/../../../../arm-none-eabi/lib/thumb/v7-m/libc_nano.a(lib_a-memmove.o)
                0x0000000008005a6a                memmove
 *fill*         0x0000000008005a9e        0x2 
 .text._free_r  0x0000000008005aa0       0x98 /Applications/Ac6/SystemWorkbench.app/Contents/Eclipse/plugins/fr.ac6.mcu.externaltools.arm-none.macos64_1.15.0.201708311556/tools/compiler/bin/../lib/gcc/arm-none-eabi/6.3.1/../../../../arm-none-eabi/lib/thumb/v7-m/libc_nano.a(lib_a-nano-freer.o)
                0x0000000008005aa0                _free_r
 .text._malloc_r
                0x0000000008005b38       0xbc /Applications/Ac6/SystemWorkbench.app/Contents/Eclipse/plugins/fr.ac6.mcu.externaltools.arm-none.macos64_1.15.0.201708311556/tools/compiler/bin/../lib/gcc/arm-none-eabi/6.3.1/../../../../arm-none-eabi/lib/thumb/v7-m/libc_nano.a(lib_a-nano-mallocr.o)
                0x0000000008005b38                _malloc_r
 .text._realloc_r
                0x0000000008005bf4       0x4c /Applications/Ac6/SystemWorkbench.app/Contents/Eclipse/plugins/fr.ac6.mcu.externaltools.arm-none.macos64_1.15.0.201708311556/tools/compiler/bin/../lib/gcc/arm-none-eabi/6.3.1/../../../../arm-none-eabi/lib/thumb/v7-m/libc_nano.a(lib_a-nano-reallocr.o)
                0x0000000008005bf4                _realloc_r
 .text._sbrk_r  0x0000000008005c40       0x20 /Applications/Ac6/SystemWorkbench.app/Contents/Eclipse/plugins/fr.ac6.mcu.externaltools.arm-none.macos64_1.15.0.201708311556/tools/compiler/bin/../lib/gcc/arm-none-eabi/6.3.1/../../../../arm-none-eabi/lib/thumb/v7-m/libc_nano.a(lib_a-sbrkr.o)
                0x0000000008005c40                _sbrk_r
 .text.__malloc_lock
                0x0000000008005c60        0x2 /Applications/Ac6/SystemWorkbench.app/Contents/Eclipse/plugins/fr.ac6.mcu.externaltools.arm-none.macos64_1.15.0.201708311556/tools/compiler/bin/../lib/gcc/arm-none-eabi/6.3.1/../../../../arm-none-eabi/lib/thumb/v7-m/libc_nano.a(lib_a-mlock.o)
                0x0000000008005c60                __malloc_lock
 .text.__malloc_unlock
                0x0000000008005c62        0x2 /Applications/Ac6/SystemWorkbench.app/Contents/Eclipse/plugins/fr.ac6.mcu.externaltools.arm-none.macos64_1.15.0.201708311556/tools/compiler/bin/../lib/gcc/arm-none-eabi/6.3.1/../../../../arm-none-eabi/lib/thumb/v7-m/libc_nano.a(lib_a-mlock.o)
                0x0000000008005c62                __malloc_unlock
 .text._malloc_usable_size_r
                0x0000000008005c64       0x12 /Applications/Ac6/SystemWorkbench.app/Contents/Eclipse/plugins/fr.ac6.mcu.externaltools.arm-none.macos64_1.15.0.201708311556/tools/compiler/bin/../lib/gcc/arm-none-eabi/6.3.1/../../../../arm-none-eabi/lib/thumb/v7-m/libc_nano.a(lib_a-nano-msizer.o)
                0x0000000008005c64                _malloc_usable_size_r
 *fill*         0x0000000008005c76        0x2 
 .text._sbrk    0x0000000008005c78       0x1c /Applications/Ac6/SystemWorkbench.app/Contents/Eclipse/plugins/fr.ac6.mcu.externaltools.arm-none.macos64_1.15.0.201708311556/tools/compiler/bin/../lib/gcc/arm-none-eabi/6.3.1/../../../../arm-none-eabi/lib/thumb/v7-m/libnosys.a(sbrk.o)
                0x0000000008005c78                _sbrk
 *(.glue_7)
 .glue_7        0x0000000008005c94        0x0 linker stubs
 *(.glue_7t)
 .glue_7t       0x0000000008005c94        0x0 linker stubs
 *(.eh_frame)
 .eh_frame      0x0000000008005c94        0x0 /Applications/Ac6/SystemWorkbench.app/Contents/Eclipse/plugins/fr.ac6.mcu.externaltools.arm-none.macos64_1.15.0.201708311556/tools/compiler/bin/../lib/gcc/arm-none-eabi/6.3.1/thumb/v7-m/crtbegin.o
 *(.init)
 .init          0x0000000008005c94        0x4 /Applications/Ac6/SystemWorkbench.app/Contents/Eclipse/plugins/fr.ac6.mcu.externaltools.arm-none.macos64_1.15.0.201708311556/tools/compiler/bin/../lib/gcc/arm-none-eabi/6.3.1/thumb/v7-m/crti.o
                0x0000000008005c94                _init
 .init          0x0000000008005c98        0x8 /Applications/Ac6/SystemWorkbench.app/Contents/Eclipse/plugins/fr.ac6.mcu.externaltools.arm-none.macos64_1.15.0.201708311556/tools/compiler/bin/../lib/gcc/arm-none-eabi/6.3.1/thumb/v7-m/crtn.o
 *(.fini)
 .fini          0x0000000008005ca0        0x4 /Applications/Ac6/SystemWorkbench.app/Contents/Eclipse/plugins/fr.ac6.mcu.externaltools.arm-none.macos64_1.15.0.201708311556/tools/compiler/bin/../lib/gcc/arm-none-eabi/6.3.1/thumb/v7-m/crti.o
                0x0000000008005ca0                _fini
 .fini          0x0000000008005ca4        0x8 /Applications/Ac6/SystemWorkbench.app/Contents/Eclipse/plugins/fr.ac6.mcu.externaltools.arm-none.macos64_1.15.0.201708311556/tools/compiler/bin/../lib/gcc/arm-none-eabi/6.3.1/thumb/v7-m/crtn.o
                0x0000000008005cac                . = ALIGN (0x4)
                0x0000000008005cac                _etext = .

.vfp11_veneer   0x0000000008005cac        0x0
 .vfp11_veneer  0x0000000008005cac        0x0 linker stubs

.v4_bx          0x0000000008005cac        0x0
 .v4_bx         0x0000000008005cac        0x0 linker stubs

.iplt           0x0000000008005cac        0x0
 .iplt          0x0000000008005cac        0x0 /Applications/Ac6/SystemWorkbench.app/Contents/Eclipse/plugins/fr.ac6.mcu.externaltools.arm-none.macos64_1.15.0.201708311556/tools/compiler/bin/../lib/gcc/arm-none-eabi/6.3.1/thumb/v7-m/crtbegin.o

.rodata         0x0000000008005cb0      0x10c
                0x0000000008005cb0                . = ALIGN (0x4)
 *(.rodata)
 .rodata        0x0000000008005cb0       0x12 Drivers/STM32F1xx_HAL_Driver/Src/stm32f1xx_hal_rcc.o
 *fill*         0x0000000008005cc2        0x2 
 .rodata        0x0000000008005cc4       0x18 Src/system_stm32f1xx.o
                0x0000000008005cc4                AHBPrescTable
                0x0000000008005cd4                APBPrescTable
 *(.rodata*)
 .rodata.str1.4
                0x0000000008005cdc       0x1b Src/main.o
 *fill*         0x0000000008005cf7        0x1 
 .rodata.str1.4
                0x0000000008005cf8        0xd Src/spi.o
 *fill*         0x0000000008005d05        0x3 
 .rodata.str1.4
                0x0000000008005d08        0xd Src/tim.o
 *fill*         0x0000000008005d15        0x3 
 .rodata.str1.4
                0x0000000008005d18        0xf Src/usart.o
 *fill*         0x0000000008005d27        0x1 
 .rodata.pow.str1.4
                0x0000000008005d28        0x4 /Applications/Ac6/SystemWorkbench.app/Contents/Eclipse/plugins/fr.ac6.mcu.externaltools.arm-none.macos64_1.15.0.201708311556/tools/compiler/bin/../lib/gcc/arm-none-eabi/6.3.1/../../../../arm-none-eabi/lib/thumb/v7-m/libm.a(lib_a-w_pow.o)
 .rodata.sqrt.str1.4
                0x0000000008005d2c        0x5 /Applications/Ac6/SystemWorkbench.app/Contents/Eclipse/plugins/fr.ac6.mcu.externaltools.arm-none.macos64_1.15.0.201708311556/tools/compiler/bin/../lib/gcc/arm-none-eabi/6.3.1/../../../../arm-none-eabi/lib/thumb/v7-m/libm.a(lib_a-w_sqrt.o)
 .rodata.__ieee754_pow.str1.4
                0x0000000008005d31        0x8 /Applications/Ac6/SystemWorkbench.app/Contents/Eclipse/plugins/fr.ac6.mcu.externaltools.arm-none.macos64_1.15.0.201708311556/tools/compiler/bin/../lib/gcc/arm-none-eabi/6.3.1/../../../../arm-none-eabi/lib/thumb/v7-m/libm.a(lib_a-e_pow.o)
                                          0x1 (size before relaxing)
 *fill*         0x0000000008005d31        0x7 
 .rodata.atanhi
                0x0000000008005d38       0x20 /Applications/Ac6/SystemWorkbench.app/Contents/Eclipse/plugins/fr.ac6.mcu.externaltools.arm-none.macos64_1.15.0.201708311556/tools/compiler/bin/../lib/gcc/arm-none-eabi/6.3.1/../../../../arm-none-eabi/lib/thumb/v7-m/libm.a(lib_a-s_atan.o)
 .rodata.atanlo
                0x0000000008005d58       0x20 /Applications/Ac6/SystemWorkbench.app/Contents/Eclipse/plugins/fr.ac6.mcu.externaltools.arm-none.macos64_1.15.0.201708311556/tools/compiler/bin/../lib/gcc/arm-none-eabi/6.3.1/../../../../arm-none-eabi/lib/thumb/v7-m/libm.a(lib_a-s_atan.o)
 .rodata.TWO52  0x0000000008005d78       0x10 /Applications/Ac6/SystemWorkbench.app/Contents/Eclipse/plugins/fr.ac6.mcu.externaltools.arm-none.macos64_1.15.0.201708311556/tools/compiler/bin/../lib/gcc/arm-none-eabi/6.3.1/../../../../arm-none-eabi/lib/thumb/v7-m/libm.a(lib_a-s_rint.o)
 .rodata._svfprintf_r.str1.1
                0x0000000008005d88       0x11 /Applications/Ac6/SystemWorkbench.app/Contents/Eclipse/plugins/fr.ac6.mcu.externaltools.arm-none.macos64_1.15.0.201708311556/tools/compiler/bin/../lib/gcc/arm-none-eabi/6.3.1/../../../../arm-none-eabi/lib/thumb/v7-m/libc_nano.a(lib_a-nano-svfprintf.o)
 .rodata._printf_i.str1.1
                0x0000000008005d99       0x22 /Applications/Ac6/SystemWorkbench.app/Contents/Eclipse/plugins/fr.ac6.mcu.externaltools.arm-none.macos64_1.15.0.201708311556/tools/compiler/bin/../lib/gcc/arm-none-eabi/6.3.1/../../../../arm-none-eabi/lib/thumb/v7-m/libc_nano.a(lib_a-nano-vfprintf_i.o)
                0x0000000008005dbc                . = ALIGN (0x4)
 *fill*         0x0000000008005dbb        0x1 

.rel.dyn        0x0000000008005dbc        0x0
 .rel.iplt      0x0000000008005dbc        0x0 /Applications/Ac6/SystemWorkbench.app/Contents/Eclipse/plugins/fr.ac6.mcu.externaltools.arm-none.macos64_1.15.0.201708311556/tools/compiler/bin/../lib/gcc/arm-none-eabi/6.3.1/thumb/v7-m/crtbegin.o

.ARM.extab
 *(.ARM.extab* .gnu.linkonce.armextab.*)

.ARM            0x0000000008005dbc        0x0
                0x0000000008005dbc                __exidx_start = .
 *(.ARM.exidx*)
                0x0000000008005dbc                __exidx_end = .

.preinit_array  0x0000000008005dbc        0x0
                0x0000000008005dbc                PROVIDE (__preinit_array_start, .)
 *(.preinit_array*)
                0x0000000008005dbc                PROVIDE (__preinit_array_end, .)

.init_array     0x0000000008005dbc        0x4
                0x0000000008005dbc                PROVIDE (__init_array_start, .)
 *(SORT(.init_array.*))
 *(.init_array*)
 .init_array    0x0000000008005dbc        0x4 /Applications/Ac6/SystemWorkbench.app/Contents/Eclipse/plugins/fr.ac6.mcu.externaltools.arm-none.macos64_1.15.0.201708311556/tools/compiler/bin/../lib/gcc/arm-none-eabi/6.3.1/thumb/v7-m/crtbegin.o
                0x0000000008005dc0                PROVIDE (__init_array_end, .)

.fini_array     0x0000000008005dc0        0x4
                [!provide]                        PROVIDE (__fini_array_start, .)
 *(SORT(.fini_array.*))
 *(.fini_array*)
 .fini_array    0x0000000008005dc0        0x4 /Applications/Ac6/SystemWorkbench.app/Contents/Eclipse/plugins/fr.ac6.mcu.externaltools.arm-none.macos64_1.15.0.201708311556/tools/compiler/bin/../lib/gcc/arm-none-eabi/6.3.1/thumb/v7-m/crtbegin.o
                [!provide]                        PROVIDE (__fini_array_end, .)
                0x0000000008005dc4                _sidata = LOADADDR (.data)

.data           0x0000000020000000       0x6c load address 0x0000000008005dc4
                0x0000000020000000                . = ALIGN (0x4)
                0x0000000020000000                _sdata = .
 *(.data)
 .data          0x0000000020000000        0x4 Src/system_stm32f1xx.o
                0x0000000020000000                SystemCoreClock
 *(.data*)
 .data.__fdlib_version
                0x0000000020000004        0x1 /Applications/Ac6/SystemWorkbench.app/Contents/Eclipse/plugins/fr.ac6.mcu.externaltools.arm-none.macos64_1.15.0.201708311556/tools/compiler/bin/../lib/gcc/arm-none-eabi/6.3.1/../../../../arm-none-eabi/lib/thumb/v7-m/libm.a(lib_a-s_lib_ver.o)
                0x0000000020000004                __fdlib_version
 *fill*         0x0000000020000005        0x3 
 .data._impure_ptr
                0x0000000020000008        0x4 /Applications/Ac6/SystemWorkbench.app/Contents/Eclipse/plugins/fr.ac6.mcu.externaltools.arm-none.macos64_1.15.0.201708311556/tools/compiler/bin/../lib/gcc/arm-none-eabi/6.3.1/../../../../arm-none-eabi/lib/thumb/v7-m/libc_nano.a(lib_a-impure.o)
                0x0000000020000008                _impure_ptr
 .data.impure_data
                0x000000002000000c       0x60 /Applications/Ac6/SystemWorkbench.app/Contents/Eclipse/plugins/fr.ac6.mcu.externaltools.arm-none.macos64_1.15.0.201708311556/tools/compiler/bin/../lib/gcc/arm-none-eabi/6.3.1/../../../../arm-none-eabi/lib/thumb/v7-m/libc_nano.a(lib_a-impure.o)
                0x000000002000006c                . = ALIGN (0x4)
                0x000000002000006c                _edata = .

.jcr            0x000000002000006c        0x0 load address 0x0000000008005e30
 .jcr           0x000000002000006c        0x0 /Applications/Ac6/SystemWorkbench.app/Contents/Eclipse/plugins/fr.ac6.mcu.externaltools.arm-none.macos64_1.15.0.201708311556/tools/compiler/bin/../lib/gcc/arm-none-eabi/6.3.1/thumb/v7-m/crtbegin.o

.igot.plt       0x000000002000006c        0x0 load address 0x0000000008005e30
 .igot.plt      0x000000002000006c        0x0 /Applications/Ac6/SystemWorkbench.app/Contents/Eclipse/plugins/fr.ac6.mcu.externaltools.arm-none.macos64_1.15.0.201708311556/tools/compiler/bin/../lib/gcc/arm-none-eabi/6.3.1/thumb/v7-m/crtbegin.o
                0x000000002000006c                . = ALIGN (0x4)

.bss            0x000000002000006c      0x218 load address 0x0000000008005e30
                0x000000002000006c                _sbss = .
                0x000000002000006c                __bss_start__ = _sbss
 *(.bss)
 .bss           0x000000002000006c       0x1c /Applications/Ac6/SystemWorkbench.app/Contents/Eclipse/plugins/fr.ac6.mcu.externaltools.arm-none.macos64_1.15.0.201708311556/tools/compiler/bin/../lib/gcc/arm-none-eabi/6.3.1/thumb/v7-m/crtbegin.o
 .bss           0x0000000020000088        0xe Src/MPU9250.o
                0x0000000020000088                dummy
 *(.bss*)
 *fill*         0x0000000020000096        0x2 
 .bss.__malloc_free_list
                0x0000000020000098        0x4 /Applications/Ac6/SystemWorkbench.app/Contents/Eclipse/plugins/fr.ac6.mcu.externaltools.arm-none.macos64_1.15.0.201708311556/tools/compiler/bin/../lib/gcc/arm-none-eabi/6.3.1/../../../../arm-none-eabi/lib/thumb/v7-m/libc_nano.a(lib_a-nano-mallocr.o)
                0x0000000020000098                __malloc_free_list
 .bss.__malloc_sbrk_start
                0x000000002000009c        0x4 /Applications/Ac6/SystemWorkbench.app/Contents/Eclipse/plugins/fr.ac6.mcu.externaltools.arm-none.macos64_1.15.0.201708311556/tools/compiler/bin/../lib/gcc/arm-none-eabi/6.3.1/../../../../arm-none-eabi/lib/thumb/v7-m/libc_nano.a(lib_a-nano-mallocr.o)
                0x000000002000009c                __malloc_sbrk_start
 .bss.heap_end.4116
                0x00000000200000a0        0x4 /Applications/Ac6/SystemWorkbench.app/Contents/Eclipse/plugins/fr.ac6.mcu.externaltools.arm-none.macos64_1.15.0.201708311556/tools/compiler/bin/../lib/gcc/arm-none-eabi/6.3.1/../../../../arm-none-eabi/lib/thumb/v7-m/libnosys.a(sbrk.o)
 *(COMMON)
 COMMON         0x00000000200000a4        0x4 Drivers/STM32F1xx_HAL_Driver/Src/stm32f1xx_hal.o
                0x00000000200000a4                uwTick
 COMMON         0x00000000200000a8       0x36 Src/MPU9250.o
                0x00000000200000a8                MPU9250
                0x00000000200000d0                buffer
 *fill*         0x00000000200000de        0x2 
 COMMON         0x00000000200000e0       0xe0 Src/spi.o
                0x00000000200000e0                hspi1
                0x0000000020000138                hdma_spi1_rx
                0x000000002000017c                hdma_spi1_tx
 COMMON         0x00000000200001c0       0x40 Src/tim.o
                0x00000000200001c0                htim1
 COMMON         0x0000000020000200       0x80 Src/usart.o
                0x0000000020000200                huart1
                0x0000000020000240                huart2
 COMMON         0x0000000020000280        0x4 /Applications/Ac6/SystemWorkbench.app/Contents/Eclipse/plugins/fr.ac6.mcu.externaltools.arm-none.macos64_1.15.0.201708311556/tools/compiler/bin/../lib/gcc/arm-none-eabi/6.3.1/../../../../arm-none-eabi/lib/thumb/v7-m/libc_nano.a(lib_a-reent.o)
                0x0000000020000280                errno
                0x0000000020000284                . = ALIGN (0x4)
                0x0000000020000284                _ebss = .
                0x0000000020000284                __bss_end__ = _ebss

._user_heap_stack
                0x0000000020000284      0x604 load address 0x0000000008005e30
                0x0000000020000288                . = ALIGN (0x8)
 *fill*         0x0000000020000284        0x4 
                0x0000000020000288                PROVIDE (end, .)
                [!provide]                        PROVIDE (_end, .)
                0x0000000020000488                . = (. + _Min_Heap_Size)
 *fill*         0x0000000020000288      0x200 
                0x0000000020000888                . = (. + _Min_Stack_Size)
 *fill*         0x0000000020000488      0x400 
                0x0000000020000888                . = ALIGN (0x8)

/DISCARD/
 libc.a(*)
 libm.a(*)
 libgcc.a(*)

.ARM.attributes
                0x0000000000000000       0x29
 *(.ARM.attributes)
 .ARM.attributes
                0x0000000000000000       0x1d /Applications/Ac6/SystemWorkbench.app/Contents/Eclipse/plugins/fr.ac6.mcu.externaltools.arm-none.macos64_1.15.0.201708311556/tools/compiler/bin/../lib/gcc/arm-none-eabi/6.3.1/thumb/v7-m/crti.o
 .ARM.attributes
                0x000000000000001d       0x2d /Applications/Ac6/SystemWorkbench.app/Contents/Eclipse/plugins/fr.ac6.mcu.externaltools.arm-none.macos64_1.15.0.201708311556/tools/compiler/bin/../lib/gcc/arm-none-eabi/6.3.1/thumb/v7-m/crtbegin.o
 .ARM.attributes
                0x000000000000004a       0x33 Drivers/STM32F1xx_HAL_Driver/Src/stm32f1xx_hal.o
 .ARM.attributes
                0x000000000000007d       0x33 Drivers/STM32F1xx_HAL_Driver/Src/stm32f1xx_hal_cortex.o
 .ARM.attributes
                0x00000000000000b0       0x33 Drivers/STM32F1xx_HAL_Driver/Src/stm32f1xx_hal_dma.o
 .ARM.attributes
                0x00000000000000e3       0x33 Drivers/STM32F1xx_HAL_Driver/Src/stm32f1xx_hal_gpio.o
 .ARM.attributes
                0x0000000000000116       0x33 Drivers/STM32F1xx_HAL_Driver/Src/stm32f1xx_hal_rcc.o
 .ARM.attributes
                0x0000000000000149       0x33 Drivers/STM32F1xx_HAL_Driver/Src/stm32f1xx_hal_spi.o
 .ARM.attributes
                0x000000000000017c       0x33 Drivers/STM32F1xx_HAL_Driver/Src/stm32f1xx_hal_spi_ex.o
 .ARM.attributes
                0x00000000000001af       0x33 Drivers/STM32F1xx_HAL_Driver/Src/stm32f1xx_hal_tim.o
 .ARM.attributes
                0x00000000000001e2       0x33 Drivers/STM32F1xx_HAL_Driver/Src/stm32f1xx_hal_tim_ex.o
 .ARM.attributes
                0x0000000000000215       0x33 Drivers/STM32F1xx_HAL_Driver/Src/stm32f1xx_hal_uart.o
 .ARM.attributes
                0x0000000000000248       0x33 Src/MPU9250.o
 .ARM.attributes
                0x000000000000027b       0x33 Src/dma.o
 .ARM.attributes
                0x00000000000002ae       0x33 Src/gpio.o
 .ARM.attributes
                0x00000000000002e1       0x33 Src/main.o
 .ARM.attributes
                0x0000000000000314       0x33 Src/spi.o
 .ARM.attributes
                0x0000000000000347       0x33 Src/stm32f1xx_hal_msp.o
 .ARM.attributes
                0x000000000000037a       0x33 Src/stm32f1xx_it.o
 .ARM.attributes
                0x00000000000003ad       0x33 Src/system_stm32f1xx.o
 .ARM.attributes
                0x00000000000003e0       0x33 Src/tim.o
 .ARM.attributes
                0x0000000000000413       0x33 Src/usart.o
 .ARM.attributes
                0x0000000000000446       0x21 startup/startup_stm32f103xb.o
 .ARM.attributes
                0x0000000000000467       0x2d /Applications/Ac6/SystemWorkbench.app/Contents/Eclipse/plugins/fr.ac6.mcu.externaltools.arm-none.macos64_1.15.0.201708311556/tools/compiler/bin/../lib/gcc/arm-none-eabi/6.3.1/../../../../arm-none-eabi/lib/thumb/v7-m/libm.a(lib_a-w_atan2.o)
 .ARM.attributes
                0x0000000000000494       0x2d /Applications/Ac6/SystemWorkbench.app/Contents/Eclipse/plugins/fr.ac6.mcu.externaltools.arm-none.macos64_1.15.0.201708311556/tools/compiler/bin/../lib/gcc/arm-none-eabi/6.3.1/../../../../arm-none-eabi/lib/thumb/v7-m/libm.a(lib_a-w_pow.o)
 .ARM.attributes
                0x00000000000004c1       0x2d /Applications/Ac6/SystemWorkbench.app/Contents/Eclipse/plugins/fr.ac6.mcu.externaltools.arm-none.macos64_1.15.0.201708311556/tools/compiler/bin/../lib/gcc/arm-none-eabi/6.3.1/../../../../arm-none-eabi/lib/thumb/v7-m/libm.a(lib_a-w_sqrt.o)
 .ARM.attributes
                0x00000000000004ee       0x2d /Applications/Ac6/SystemWorkbench.app/Contents/Eclipse/plugins/fr.ac6.mcu.externaltools.arm-none.macos64_1.15.0.201708311556/tools/compiler/bin/../lib/gcc/arm-none-eabi/6.3.1/../../../../arm-none-eabi/lib/thumb/v7-m/libm.a(lib_a-e_atan2.o)
 .ARM.attributes
                0x000000000000051b       0x2d /Applications/Ac6/SystemWorkbench.app/Contents/Eclipse/plugins/fr.ac6.mcu.externaltools.arm-none.macos64_1.15.0.201708311556/tools/compiler/bin/../lib/gcc/arm-none-eabi/6.3.1/../../../../arm-none-eabi/lib/thumb/v7-m/libm.a(lib_a-e_pow.o)
 .ARM.attributes
                0x0000000000000548       0x2d /Applications/Ac6/SystemWorkbench.app/Contents/Eclipse/plugins/fr.ac6.mcu.externaltools.arm-none.macos64_1.15.0.201708311556/tools/compiler/bin/../lib/gcc/arm-none-eabi/6.3.1/../../../../arm-none-eabi/lib/thumb/v7-m/libm.a(lib_a-e_sqrt.o)
 .ARM.attributes
                0x0000000000000575       0x2d /Applications/Ac6/SystemWorkbench.app/Contents/Eclipse/plugins/fr.ac6.mcu.externaltools.arm-none.macos64_1.15.0.201708311556/tools/compiler/bin/../lib/gcc/arm-none-eabi/6.3.1/../../../../arm-none-eabi/lib/thumb/v7-m/libm.a(lib_a-s_atan.o)
 .ARM.attributes
                0x00000000000005a2       0x2d /Applications/Ac6/SystemWorkbench.app/Contents/Eclipse/plugins/fr.ac6.mcu.externaltools.arm-none.macos64_1.15.0.201708311556/tools/compiler/bin/../lib/gcc/arm-none-eabi/6.3.1/../../../../arm-none-eabi/lib/thumb/v7-m/libm.a(lib_a-s_fabs.o)
 .ARM.attributes
                0x00000000000005cf       0x2d /Applications/Ac6/SystemWorkbench.app/Contents/Eclipse/plugins/fr.ac6.mcu.externaltools.arm-none.macos64_1.15.0.201708311556/tools/compiler/bin/../lib/gcc/arm-none-eabi/6.3.1/../../../../arm-none-eabi/lib/thumb/v7-m/libm.a(lib_a-s_finite.o)
 .ARM.attributes
                0x00000000000005fc       0x2d /Applications/Ac6/SystemWorkbench.app/Contents/Eclipse/plugins/fr.ac6.mcu.externaltools.arm-none.macos64_1.15.0.201708311556/tools/compiler/bin/../lib/gcc/arm-none-eabi/6.3.1/../../../../arm-none-eabi/lib/thumb/v7-m/libm.a(lib_a-s_lib_ver.o)
 .ARM.attributes
                0x0000000000000629       0x2d /Applications/Ac6/SystemWorkbench.app/Contents/Eclipse/plugins/fr.ac6.mcu.externaltools.arm-none.macos64_1.15.0.201708311556/tools/compiler/bin/../lib/gcc/arm-none-eabi/6.3.1/../../../../arm-none-eabi/lib/thumb/v7-m/libm.a(lib_a-s_matherr.o)
 .ARM.attributes
                0x0000000000000656       0x2d /Applications/Ac6/SystemWorkbench.app/Contents/Eclipse/plugins/fr.ac6.mcu.externaltools.arm-none.macos64_1.15.0.201708311556/tools/compiler/bin/../lib/gcc/arm-none-eabi/6.3.1/../../../../arm-none-eabi/lib/thumb/v7-m/libm.a(lib_a-s_nan.o)
 .ARM.attributes
                0x0000000000000683       0x2d /Applications/Ac6/SystemWorkbench.app/Contents/Eclipse/plugins/fr.ac6.mcu.externaltools.arm-none.macos64_1.15.0.201708311556/tools/compiler/bin/../lib/gcc/arm-none-eabi/6.3.1/../../../../arm-none-eabi/lib/thumb/v7-m/libm.a(lib_a-s_rint.o)
 .ARM.attributes
                0x00000000000006b0       0x2d /Applications/Ac6/SystemWorkbench.app/Contents/Eclipse/plugins/fr.ac6.mcu.externaltools.arm-none.macos64_1.15.0.201708311556/tools/compiler/bin/../lib/gcc/arm-none-eabi/6.3.1/../../../../arm-none-eabi/lib/thumb/v7-m/libm.a(lib_a-s_scalbn.o)
 .ARM.attributes
                0x00000000000006dd       0x2d /Applications/Ac6/SystemWorkbench.app/Contents/Eclipse/plugins/fr.ac6.mcu.externaltools.arm-none.macos64_1.15.0.201708311556/tools/compiler/bin/../lib/gcc/arm-none-eabi/6.3.1/../../../../arm-none-eabi/lib/thumb/v7-m/libm.a(lib_a-s_copysign.o)
 .ARM.attributes
                0x000000000000070a       0x1d /Applications/Ac6/SystemWorkbench.app/Contents/Eclipse/plugins/fr.ac6.mcu.externaltools.arm-none.macos64_1.15.0.201708311556/tools/compiler/bin/../lib/gcc/arm-none-eabi/6.3.1/thumb/v7-m/libgcc.a(_arm_addsubdf3.o)
 .ARM.attributes
                0x0000000000000727       0x1d /Applications/Ac6/SystemWorkbench.app/Contents/Eclipse/plugins/fr.ac6.mcu.externaltools.arm-none.macos64_1.15.0.201708311556/tools/compiler/bin/../lib/gcc/arm-none-eabi/6.3.1/thumb/v7-m/libgcc.a(_arm_muldivdf3.o)
 .ARM.attributes
                0x0000000000000744       0x1d /Applications/Ac6/SystemWorkbench.app/Contents/Eclipse/plugins/fr.ac6.mcu.externaltools.arm-none.macos64_1.15.0.201708311556/tools/compiler/bin/../lib/gcc/arm-none-eabi/6.3.1/thumb/v7-m/libgcc.a(_arm_cmpdf2.o)
 .ARM.attributes
                0x0000000000000761       0x1d /Applications/Ac6/SystemWorkbench.app/Contents/Eclipse/plugins/fr.ac6.mcu.externaltools.arm-none.macos64_1.15.0.201708311556/tools/compiler/bin/../lib/gcc/arm-none-eabi/6.3.1/thumb/v7-m/libgcc.a(_arm_unorddf2.o)
 .ARM.attributes
                0x000000000000077e       0x1d /Applications/Ac6/SystemWorkbench.app/Contents/Eclipse/plugins/fr.ac6.mcu.externaltools.arm-none.macos64_1.15.0.201708311556/tools/compiler/bin/../lib/gcc/arm-none-eabi/6.3.1/thumb/v7-m/libgcc.a(_arm_truncdfsf2.o)
 .ARM.attributes
                0x000000000000079b       0x1d /Applications/Ac6/SystemWorkbench.app/Contents/Eclipse/plugins/fr.ac6.mcu.externaltools.arm-none.macos64_1.15.0.201708311556/tools/compiler/bin/../lib/gcc/arm-none-eabi/6.3.1/thumb/v7-m/libgcc.a(_arm_addsubsf3.o)
 .ARM.attributes
                0x00000000000007b8       0x1d /Applications/Ac6/SystemWorkbench.app/Contents/Eclipse/plugins/fr.ac6.mcu.externaltools.arm-none.macos64_1.15.0.201708311556/tools/compiler/bin/../lib/gcc/arm-none-eabi/6.3.1/thumb/v7-m/libgcc.a(_arm_muldivsf3.o)
 .ARM.attributes
                0x00000000000007d5       0x1d /Applications/Ac6/SystemWorkbench.app/Contents/Eclipse/plugins/fr.ac6.mcu.externaltools.arm-none.macos64_1.15.0.201708311556/tools/compiler/bin/../lib/gcc/arm-none-eabi/6.3.1/thumb/v7-m/libgcc.a(_arm_fixsfsi.o)
 .ARM.attributes
                0x00000000000007f2       0x2d /Applications/Ac6/SystemWorkbench.app/Contents/Eclipse/plugins/fr.ac6.mcu.externaltools.arm-none.macos64_1.15.0.201708311556/tools/compiler/bin/../lib/gcc/arm-none-eabi/6.3.1/../../../../arm-none-eabi/lib/thumb/v7-m/libc_nano.a(lib_a-errno.o)
 .ARM.attributes
                0x000000000000081f       0x2d /Applications/Ac6/SystemWorkbench.app/Contents/Eclipse/plugins/fr.ac6.mcu.externaltools.arm-none.macos64_1.15.0.201708311556/tools/compiler/bin/../lib/gcc/arm-none-eabi/6.3.1/../../../../arm-none-eabi/lib/thumb/v7-m/libc_nano.a(lib_a-impure.o)
 .ARM.attributes
                0x000000000000084c       0x2d /Applications/Ac6/SystemWorkbench.app/Contents/Eclipse/plugins/fr.ac6.mcu.externaltools.arm-none.macos64_1.15.0.201708311556/tools/compiler/bin/../lib/gcc/arm-none-eabi/6.3.1/../../../../arm-none-eabi/lib/thumb/v7-m/libc_nano.a(lib_a-init.o)
 .ARM.attributes
                0x0000000000000879       0x2d /Applications/Ac6/SystemWorkbench.app/Contents/Eclipse/plugins/fr.ac6.mcu.externaltools.arm-none.macos64_1.15.0.201708311556/tools/compiler/bin/../lib/gcc/arm-none-eabi/6.3.1/../../../../arm-none-eabi/lib/thumb/v7-m/libc_nano.a(lib_a-sprintf.o)
 .ARM.attributes
                0x00000000000008a6       0x17 /Applications/Ac6/SystemWorkbench.app/Contents/Eclipse/plugins/fr.ac6.mcu.externaltools.arm-none.macos64_1.15.0.201708311556/tools/compiler/bin/../lib/gcc/arm-none-eabi/6.3.1/../../../../arm-none-eabi/lib/thumb/v7-m/libc_nano.a(lib_a-strlen.o)
 .ARM.attributes
                0x00000000000008bd       0x2d /Applications/Ac6/SystemWorkbench.app/Contents/Eclipse/plugins/fr.ac6.mcu.externaltools.arm-none.macos64_1.15.0.201708311556/tools/compiler/bin/../lib/gcc/arm-none-eabi/6.3.1/../../../../arm-none-eabi/lib/thumb/v7-m/libc_nano.a(lib_a-nano-svfprintf.o)
 .ARM.attributes
                0x00000000000008ea       0x2d /Applications/Ac6/SystemWorkbench.app/Contents/Eclipse/plugins/fr.ac6.mcu.externaltools.arm-none.macos64_1.15.0.201708311556/tools/compiler/bin/../lib/gcc/arm-none-eabi/6.3.1/../../../../arm-none-eabi/lib/thumb/v7-m/libc_nano.a(lib_a-nano-vfprintf_i.o)
 .ARM.attributes
                0x0000000000000917       0x2d /Applications/Ac6/SystemWorkbench.app/Contents/Eclipse/plugins/fr.ac6.mcu.externaltools.arm-none.macos64_1.15.0.201708311556/tools/compiler/bin/../lib/gcc/arm-none-eabi/6.3.1/../../../../arm-none-eabi/lib/thumb/v7-m/libc_nano.a(lib_a-memchr-stub.o)
 .ARM.attributes
                0x0000000000000944       0x2d /Applications/Ac6/SystemWorkbench.app/Contents/Eclipse/plugins/fr.ac6.mcu.externaltools.arm-none.macos64_1.15.0.201708311556/tools/compiler/bin/../lib/gcc/arm-none-eabi/6.3.1/../../../../arm-none-eabi/lib/thumb/v7-m/libc_nano.a(lib_a-memcpy-stub.o)
 .ARM.attributes
                0x0000000000000971       0x2d /Applications/Ac6/SystemWorkbench.app/Contents/Eclipse/plugins/fr.ac6.mcu.externaltools.arm-none.macos64_1.15.0.201708311556/tools/compiler/bin/../lib/gcc/arm-none-eabi/6.3.1/../../../../arm-none-eabi/lib/thumb/v7-m/libc_nano.a(lib_a-memmove.o)
 .ARM.attributes
                0x000000000000099e       0x2d /Applications/Ac6/SystemWorkbench.app/Contents/Eclipse/plugins/fr.ac6.mcu.externaltools.arm-none.macos64_1.15.0.201708311556/tools/compiler/bin/../lib/gcc/arm-none-eabi/6.3.1/../../../../arm-none-eabi/lib/thumb/v7-m/libc_nano.a(lib_a-nano-freer.o)
 .ARM.attributes
                0x00000000000009cb       0x2d /Applications/Ac6/SystemWorkbench.app/Contents/Eclipse/plugins/fr.ac6.mcu.externaltools.arm-none.macos64_1.15.0.201708311556/tools/compiler/bin/../lib/gcc/arm-none-eabi/6.3.1/../../../../arm-none-eabi/lib/thumb/v7-m/libc_nano.a(lib_a-nano-mallocr.o)
 .ARM.attributes
                0x00000000000009f8       0x2d /Applications/Ac6/SystemWorkbench.app/Contents/Eclipse/plugins/fr.ac6.mcu.externaltools.arm-none.macos64_1.15.0.201708311556/tools/compiler/bin/../lib/gcc/arm-none-eabi/6.3.1/../../../../arm-none-eabi/lib/thumb/v7-m/libc_nano.a(lib_a-nano-reallocr.o)
 .ARM.attributes
                0x0000000000000a25       0x2d /Applications/Ac6/SystemWorkbench.app/Contents/Eclipse/plugins/fr.ac6.mcu.externaltools.arm-none.macos64_1.15.0.201708311556/tools/compiler/bin/../lib/gcc/arm-none-eabi/6.3.1/../../../../arm-none-eabi/lib/thumb/v7-m/libc_nano.a(lib_a-sbrkr.o)
 .ARM.attributes
                0x0000000000000a52       0x2d /Applications/Ac6/SystemWorkbench.app/Contents/Eclipse/plugins/fr.ac6.mcu.externaltools.arm-none.macos64_1.15.0.201708311556/tools/compiler/bin/../lib/gcc/arm-none-eabi/6.3.1/../../../../arm-none-eabi/lib/thumb/v7-m/libc_nano.a(lib_a-mlock.o)
 .ARM.attributes
                0x0000000000000a7f       0x2d /Applications/Ac6/SystemWorkbench.app/Contents/Eclipse/plugins/fr.ac6.mcu.externaltools.arm-none.macos64_1.15.0.201708311556/tools/compiler/bin/../lib/gcc/arm-none-eabi/6.3.1/../../../../arm-none-eabi/lib/thumb/v7-m/libc_nano.a(lib_a-nano-msizer.o)
 .ARM.attributes
                0x0000000000000aac       0x2d /Applications/Ac6/SystemWorkbench.app/Contents/Eclipse/plugins/fr.ac6.mcu.externaltools.arm-none.macos64_1.15.0.201708311556/tools/compiler/bin/../lib/gcc/arm-none-eabi/6.3.1/../../../../arm-none-eabi/lib/thumb/v7-m/libc_nano.a(lib_a-reent.o)
 .ARM.attributes
                0x0000000000000ad9       0x2d /Applications/Ac6/SystemWorkbench.app/Contents/Eclipse/plugins/fr.ac6.mcu.externaltools.arm-none.macos64_1.15.0.201708311556/tools/compiler/bin/../lib/gcc/arm-none-eabi/6.3.1/../../../../arm-none-eabi/lib/thumb/v7-m/libnosys.a(sbrk.o)
 .ARM.attributes
                0x0000000000000b06       0x1d /Applications/Ac6/SystemWorkbench.app/Contents/Eclipse/plugins/fr.ac6.mcu.externaltools.arm-none.macos64_1.15.0.201708311556/tools/compiler/bin/../lib/gcc/arm-none-eabi/6.3.1/thumb/v7-m/crtn.o
OUTPUT(DroneV2.elf elf32-littlearm)

.debug_info     0x0000000000000000    0x19ab1
 .debug_info    0x0000000000000000      0xee6 Drivers/STM32F1xx_HAL_Driver/Src/stm32f1xx_hal.o
 .debug_info    0x0000000000000ee6     0x147b Drivers/STM32F1xx_HAL_Driver/Src/stm32f1xx_hal_cortex.o
 .debug_info    0x0000000000002361     0x1017 Drivers/STM32F1xx_HAL_Driver/Src/stm32f1xx_hal_dma.o
 .debug_info    0x0000000000003378      0xe8b Drivers/STM32F1xx_HAL_Driver/Src/stm32f1xx_hal_gpio.o
 .debug_info    0x0000000000004203     0x1181 Drivers/STM32F1xx_HAL_Driver/Src/stm32f1xx_hal_rcc.o
 .debug_info    0x0000000000005384     0x2150 Drivers/STM32F1xx_HAL_Driver/Src/stm32f1xx_hal_spi.o
 .debug_info    0x00000000000074d4      0xe28 Drivers/STM32F1xx_HAL_Driver/Src/stm32f1xx_hal_spi_ex.o
 .debug_info    0x00000000000082fc     0x3656 Drivers/STM32F1xx_HAL_Driver/Src/stm32f1xx_hal_tim.o
 .debug_info    0x000000000000b952     0x1ad1 Drivers/STM32F1xx_HAL_Driver/Src/stm32f1xx_hal_tim_ex.o
 .debug_info    0x000000000000d423     0x1e7e Drivers/STM32F1xx_HAL_Driver/Src/stm32f1xx_hal_uart.o
 .debug_info    0x000000000000f2a1     0x14ee Src/MPU9250.o
 .debug_info    0x000000000001078f      0xbca Src/dma.o
 .debug_info    0x0000000000011359      0xc09 Src/gpio.o
 .debug_info    0x0000000000011f62     0x1aaf Src/main.o
 .debug_info    0x0000000000013a11     0x12d8 Src/spi.o
 .debug_info    0x0000000000014ce9      0xcbb Src/stm32f1xx_hal_msp.o
 .debug_info    0x00000000000159a4      0xf12 Src/stm32f1xx_it.o
 .debug_info    0x00000000000168b6      0xc1b Src/system_stm32f1xx.o
 .debug_info    0x00000000000174d1     0x1420 Src/tim.o
 .debug_info    0x00000000000188f1     0x114b Src/usart.o
 .debug_info    0x0000000000019a3c       0x75 startup/startup_stm32f103xb.o

.debug_abbrev   0x0000000000000000     0x3516
 .debug_abbrev  0x0000000000000000      0x2e5 Drivers/STM32F1xx_HAL_Driver/Src/stm32f1xx_hal.o
 .debug_abbrev  0x00000000000002e5      0x3cb Drivers/STM32F1xx_HAL_Driver/Src/stm32f1xx_hal_cortex.o
 .debug_abbrev  0x00000000000006b0      0x2d4 Drivers/STM32F1xx_HAL_Driver/Src/stm32f1xx_hal_dma.o
 .debug_abbrev  0x0000000000000984      0x2a5 Drivers/STM32F1xx_HAL_Driver/Src/stm32f1xx_hal_gpio.o
 .debug_abbrev  0x0000000000000c29      0x320 Drivers/STM32F1xx_HAL_Driver/Src/stm32f1xx_hal_rcc.o
 .debug_abbrev  0x0000000000000f49      0x2df Drivers/STM32F1xx_HAL_Driver/Src/stm32f1xx_hal_spi.o
 .debug_abbrev  0x0000000000001228      0x207 Drivers/STM32F1xx_HAL_Driver/Src/stm32f1xx_hal_spi_ex.o
 .debug_abbrev  0x000000000000142f      0x2eb Drivers/STM32F1xx_HAL_Driver/Src/stm32f1xx_hal_tim.o
 .debug_abbrev  0x000000000000171a      0x2dc Drivers/STM32F1xx_HAL_Driver/Src/stm32f1xx_hal_tim_ex.o
 .debug_abbrev  0x00000000000019f6      0x306 Drivers/STM32F1xx_HAL_Driver/Src/stm32f1xx_hal_uart.o
 .debug_abbrev  0x0000000000001cfc      0x325 Src/MPU9250.o
 .debug_abbrev  0x0000000000002021      0x232 Src/dma.o
 .debug_abbrev  0x0000000000002253      0x229 Src/gpio.o
 .debug_abbrev  0x000000000000247c      0x2df Src/main.o
 .debug_abbrev  0x000000000000275b      0x27b Src/spi.o
 .debug_abbrev  0x00000000000029d6      0x232 Src/stm32f1xx_hal_msp.o
 .debug_abbrev  0x0000000000002c08      0x20e Src/stm32f1xx_it.o
 .debug_abbrev  0x0000000000002e16      0x226 Src/system_stm32f1xx.o
 .debug_abbrev  0x000000000000303c      0x272 Src/tim.o
 .debug_abbrev  0x00000000000032ae      0x256 Src/usart.o
 .debug_abbrev  0x0000000000003504       0x12 startup/startup_stm32f103xb.o

.debug_loc      0x0000000000000000     0x8de2
 .debug_loc     0x0000000000000000       0x69 Drivers/STM32F1xx_HAL_Driver/Src/stm32f1xx_hal.o
 .debug_loc     0x0000000000000069      0x5ad Drivers/STM32F1xx_HAL_Driver/Src/stm32f1xx_hal_cortex.o
 .debug_loc     0x0000000000000616      0x71b Drivers/STM32F1xx_HAL_Driver/Src/stm32f1xx_hal_dma.o
 .debug_loc     0x0000000000000d31      0x42d Drivers/STM32F1xx_HAL_Driver/Src/stm32f1xx_hal_gpio.o
 .debug_loc     0x000000000000115e      0x4b7 Drivers/STM32F1xx_HAL_Driver/Src/stm32f1xx_hal_rcc.o
 .debug_loc     0x0000000000001615     0x19a5 Drivers/STM32F1xx_HAL_Driver/Src/stm32f1xx_hal_spi.o
 .debug_loc     0x0000000000002fba       0x4d Drivers/STM32F1xx_HAL_Driver/Src/stm32f1xx_hal_spi_ex.o
 .debug_loc     0x0000000000003007     0x34d2 Drivers/STM32F1xx_HAL_Driver/Src/stm32f1xx_hal_tim.o
 .debug_loc     0x00000000000064d9      0xec0 Drivers/STM32F1xx_HAL_Driver/Src/stm32f1xx_hal_tim_ex.o
 .debug_loc     0x0000000000007399     0x1515 Drivers/STM32F1xx_HAL_Driver/Src/stm32f1xx_hal_uart.o
 .debug_loc     0x00000000000088ae      0x1d6 Src/MPU9250.o
 .debug_loc     0x0000000000008a84      0x16e Src/main.o
 .debug_loc     0x0000000000008bf2       0x4a Src/spi.o
 .debug_loc     0x0000000000008c3c       0xdf Src/system_stm32f1xx.o
 .debug_loc     0x0000000000008d1b       0x21 Src/tim.o
 .debug_loc     0x0000000000008d3c       0xa6 Src/usart.o

.debug_aranges  0x0000000000000000      0xd58
 .debug_aranges
                0x0000000000000000       0xb8 Drivers/STM32F1xx_HAL_Driver/Src/stm32f1xx_hal.o
 .debug_aranges
                0x00000000000000b8       0x90 Drivers/STM32F1xx_HAL_Driver/Src/stm32f1xx_hal_cortex.o
 .debug_aranges
                0x0000000000000148       0x80 Drivers/STM32F1xx_HAL_Driver/Src/stm32f1xx_hal_dma.o
 .debug_aranges
                0x00000000000001c8       0x58 Drivers/STM32F1xx_HAL_Driver/Src/stm32f1xx_hal_gpio.o
 .debug_aranges
                0x0000000000000220       0x90 Drivers/STM32F1xx_HAL_Driver/Src/stm32f1xx_hal_rcc.o
 .debug_aranges
                0x00000000000002b0      0x1d0 Drivers/STM32F1xx_HAL_Driver/Src/stm32f1xx_hal_spi.o
 .debug_aranges
                0x0000000000000480       0x20 Drivers/STM32F1xx_HAL_Driver/Src/stm32f1xx_hal_spi_ex.o
 .debug_aranges
                0x00000000000004a0      0x368 Drivers/STM32F1xx_HAL_Driver/Src/stm32f1xx_hal_tim.o
 .debug_aranges
                0x0000000000000808      0x138 Drivers/STM32F1xx_HAL_Driver/Src/stm32f1xx_hal_tim_ex.o
 .debug_aranges
                0x0000000000000940      0x1d0 Drivers/STM32F1xx_HAL_Driver/Src/stm32f1xx_hal_uart.o
 .debug_aranges
                0x0000000000000b10       0x50 Src/MPU9250.o
 .debug_aranges
                0x0000000000000b60       0x20 Src/dma.o
 .debug_aranges
                0x0000000000000b80       0x20 Src/gpio.o
 .debug_aranges
                0x0000000000000ba0       0x30 Src/main.o
 .debug_aranges
                0x0000000000000bd0       0x30 Src/spi.o
 .debug_aranges
                0x0000000000000c00       0x20 Src/stm32f1xx_hal_msp.o
 .debug_aranges
                0x0000000000000c20       0x78 Src/stm32f1xx_it.o
 .debug_aranges
                0x0000000000000c98       0x28 Src/system_stm32f1xx.o
 .debug_aranges
                0x0000000000000cc0       0x38 Src/tim.o
 .debug_aranges
                0x0000000000000cf8       0x38 Src/usart.o
 .debug_aranges
                0x0000000000000d30       0x28 startup/startup_stm32f103xb.o

.debug_ranges   0x0000000000000000      0xc90
 .debug_ranges  0x0000000000000000       0xa8 Drivers/STM32F1xx_HAL_Driver/Src/stm32f1xx_hal.o
 .debug_ranges  0x00000000000000a8       0xe0 Drivers/STM32F1xx_HAL_Driver/Src/stm32f1xx_hal_cortex.o
 .debug_ranges  0x0000000000000188       0x70 Drivers/STM32F1xx_HAL_Driver/Src/stm32f1xx_hal_dma.o
 .debug_ranges  0x00000000000001f8       0x48 Drivers/STM32F1xx_HAL_Driver/Src/stm32f1xx_hal_gpio.o
 .debug_ranges  0x0000000000000240       0xa0 Drivers/STM32F1xx_HAL_Driver/Src/stm32f1xx_hal_rcc.o
 .debug_ranges  0x00000000000002e0      0x1c0 Drivers/STM32F1xx_HAL_Driver/Src/stm32f1xx_hal_spi.o
 .debug_ranges  0x00000000000004a0       0x10 Drivers/STM32F1xx_HAL_Driver/Src/stm32f1xx_hal_spi_ex.o
 .debug_ranges  0x00000000000004b0      0x358 Drivers/STM32F1xx_HAL_Driver/Src/stm32f1xx_hal_tim.o
 .debug_ranges  0x0000000000000808      0x128 Drivers/STM32F1xx_HAL_Driver/Src/stm32f1xx_hal_tim_ex.o
 .debug_ranges  0x0000000000000930      0x1c0 Drivers/STM32F1xx_HAL_Driver/Src/stm32f1xx_hal_uart.o
 .debug_ranges  0x0000000000000af0       0x40 Src/MPU9250.o
 .debug_ranges  0x0000000000000b30       0x10 Src/dma.o
 .debug_ranges  0x0000000000000b40       0x10 Src/gpio.o
 .debug_ranges  0x0000000000000b50       0x20 Src/main.o
 .debug_ranges  0x0000000000000b70       0x20 Src/spi.o
 .debug_ranges  0x0000000000000b90       0x10 Src/stm32f1xx_hal_msp.o
 .debug_ranges  0x0000000000000ba0       0x68 Src/stm32f1xx_it.o
 .debug_ranges  0x0000000000000c08       0x18 Src/system_stm32f1xx.o
 .debug_ranges  0x0000000000000c20       0x28 Src/tim.o
 .debug_ranges  0x0000000000000c48       0x28 Src/usart.o
 .debug_ranges  0x0000000000000c70       0x20 startup/startup_stm32f103xb.o

.debug_macro    0x0000000000000000    0x17169
 .debug_macro   0x0000000000000000      0x314 Drivers/STM32F1xx_HAL_Driver/Src/stm32f1xx_hal.o
 .debug_macro   0x0000000000000314      0x8bc Drivers/STM32F1xx_HAL_Driver/Src/stm32f1xx_hal.o
 .debug_macro   0x0000000000000bd0       0x34 Drivers/STM32F1xx_HAL_Driver/Src/stm32f1xx_hal.o
 .debug_macro   0x0000000000000c04      0x175 Drivers/STM32F1xx_HAL_Driver/Src/stm32f1xx_hal.o
 .debug_macro   0x0000000000000d79       0x2e Drivers/STM32F1xx_HAL_Driver/Src/stm32f1xx_hal.o
 .debug_macro   0x0000000000000da7       0x22 Drivers/STM32F1xx_HAL_Driver/Src/stm32f1xx_hal.o
 .debug_macro   0x0000000000000dc9       0x22 Drivers/STM32F1xx_HAL_Driver/Src/stm32f1xx_hal.o
 .debug_macro   0x0000000000000deb       0x87 Drivers/STM32F1xx_HAL_Driver/Src/stm32f1xx_hal.o
 .debug_macro   0x0000000000000e72       0x51 Drivers/STM32F1xx_HAL_Driver/Src/stm32f1xx_hal.o
 .debug_macro   0x0000000000000ec3       0xef Drivers/STM32F1xx_HAL_Driver/Src/stm32f1xx_hal.o
 .debug_macro   0x0000000000000fb2       0x6a Drivers/STM32F1xx_HAL_Driver/Src/stm32f1xx_hal.o
 .debug_macro   0x000000000000101c      0x1df Drivers/STM32F1xx_HAL_Driver/Src/stm32f1xx_hal.o
 .debug_macro   0x00000000000011fb       0x34 Drivers/STM32F1xx_HAL_Driver/Src/stm32f1xx_hal.o
 .debug_macro   0x000000000000122f       0x34 Drivers/STM32F1xx_HAL_Driver/Src/stm32f1xx_hal.o
 .debug_macro   0x0000000000001263      0xb8e Drivers/STM32F1xx_HAL_Driver/Src/stm32f1xx_hal.o
 .debug_macro   0x0000000000001df1     0xe90a Drivers/STM32F1xx_HAL_Driver/Src/stm32f1xx_hal.o
 .debug_macro   0x00000000000106fb       0x43 Drivers/STM32F1xx_HAL_Driver/Src/stm32f1xx_hal.o
 .debug_macro   0x000000000001073e       0x58 Drivers/STM32F1xx_HAL_Driver/Src/stm32f1xx_hal.o
 .debug_macro   0x0000000000010796       0x35 Drivers/STM32F1xx_HAL_Driver/Src/stm32f1xx_hal.o
 .debug_macro   0x00000000000107cb       0x9c Drivers/STM32F1xx_HAL_Driver/Src/stm32f1xx_hal.o
 .debug_macro   0x0000000000010867       0x16 Drivers/STM32F1xx_HAL_Driver/Src/stm32f1xx_hal.o
 .debug_macro   0x000000000001087d       0x97 Drivers/STM32F1xx_HAL_Driver/Src/stm32f1xx_hal.o
 .debug_macro   0x0000000000010914      0x330 Drivers/STM32F1xx_HAL_Driver/Src/stm32f1xx_hal.o
 .debug_macro   0x0000000000010c44       0xfd Drivers/STM32F1xx_HAL_Driver/Src/stm32f1xx_hal.o
 .debug_macro   0x0000000000010d41       0x10 Drivers/STM32F1xx_HAL_Driver/Src/stm32f1xx_hal.o
 .debug_macro   0x0000000000010d51       0x58 Drivers/STM32F1xx_HAL_Driver/Src/stm32f1xx_hal.o
 .debug_macro   0x0000000000010da9       0x1f Drivers/STM32F1xx_HAL_Driver/Src/stm32f1xx_hal.o
 .debug_macro   0x0000000000010dc8       0x43 Drivers/STM32F1xx_HAL_Driver/Src/stm32f1xx_hal.o
 .debug_macro   0x0000000000010e0b       0x20 Drivers/STM32F1xx_HAL_Driver/Src/stm32f1xx_hal.o
 .debug_macro   0x0000000000010e2b      0x187 Drivers/STM32F1xx_HAL_Driver/Src/stm32f1xx_hal.o
 .debug_macro   0x0000000000010fb2       0x10 Drivers/STM32F1xx_HAL_Driver/Src/stm32f1xx_hal.o
 .debug_macro   0x0000000000010fc2       0x1c Drivers/STM32F1xx_HAL_Driver/Src/stm32f1xx_hal.o
 .debug_macro   0x0000000000010fde       0x52 Drivers/STM32F1xx_HAL_Driver/Src/stm32f1xx_hal.o
 .debug_macro   0x0000000000011030       0x40 Drivers/STM32F1xx_HAL_Driver/Src/stm32f1xx_hal.o
 .debug_macro   0x0000000000011070       0x10 Drivers/STM32F1xx_HAL_Driver/Src/stm32f1xx_hal.o
 .debug_macro   0x0000000000011080       0x40 Drivers/STM32F1xx_HAL_Driver/Src/stm32f1xx_hal.o
 .debug_macro   0x00000000000110c0       0xd7 Drivers/STM32F1xx_HAL_Driver/Src/stm32f1xx_hal.o
 .debug_macro   0x0000000000011197       0x16 Drivers/STM32F1xx_HAL_Driver/Src/stm32f1xx_hal.o
 .debug_macro   0x00000000000111ad      0x18b Drivers/STM32F1xx_HAL_Driver/Src/stm32f1xx_hal.o
 .debug_macro   0x0000000000011338       0x50 Drivers/STM32F1xx_HAL_Driver/Src/stm32f1xx_hal.o
 .debug_macro   0x0000000000011388      0x5c2 Drivers/STM32F1xx_HAL_Driver/Src/stm32f1xx_hal.o
 .debug_macro   0x000000000001194a      0x28b Drivers/STM32F1xx_HAL_Driver/Src/stm32f1xx_hal.o
 .debug_macro   0x0000000000011bd5      0x1cb Drivers/STM32F1xx_HAL_Driver/Src/stm32f1xx_hal.o
 .debug_macro   0x0000000000011da0      0x11e Drivers/STM32F1xx_HAL_Driver/Src/stm32f1xx_hal.o
 .debug_macro   0x0000000000011ebe      0x197 Drivers/STM32F1xx_HAL_Driver/Src/stm32f1xx_hal.o
 .debug_macro   0x0000000000012055       0x27 Drivers/STM32F1xx_HAL_Driver/Src/stm32f1xx_hal.o
 .debug_macro   0x000000000001207c      0x1bc Drivers/STM32F1xx_HAL_Driver/Src/stm32f1xx_hal.o
 .debug_macro   0x0000000000012238       0x34 Drivers/STM32F1xx_HAL_Driver/Src/stm32f1xx_hal.o
 .debug_macro   0x000000000001226c       0x3c Drivers/STM32F1xx_HAL_Driver/Src/stm32f1xx_hal.o
 .debug_macro   0x00000000000122a8       0x57 Drivers/STM32F1xx_HAL_Driver/Src/stm32f1xx_hal.o
 .debug_macro   0x00000000000122ff       0x8c Drivers/STM32F1xx_HAL_Driver/Src/stm32f1xx_hal.o
 .debug_macro   0x000000000001238b      0x242 Drivers/STM32F1xx_HAL_Driver/Src/stm32f1xx_hal.o
 .debug_macro   0x00000000000125cd      0x143 Drivers/STM32F1xx_HAL_Driver/Src/stm32f1xx_hal.o
 .debug_macro   0x0000000000012710      0x1f4 Drivers/STM32F1xx_HAL_Driver/Src/stm32f1xx_hal.o
 .debug_macro   0x0000000000012904      0x84c Drivers/STM32F1xx_HAL_Driver/Src/stm32f1xx_hal.o
 .debug_macro   0x0000000000013150       0x1f Drivers/STM32F1xx_HAL_Driver/Src/stm32f1xx_hal.o
 .debug_macro   0x000000000001316f      0x26b Drivers/STM32F1xx_HAL_Driver/Src/stm32f1xx_hal.o
 .debug_macro   0x00000000000133da       0x7c Drivers/STM32F1xx_HAL_Driver/Src/stm32f1xx_hal.o
 .debug_macro   0x0000000000013456      0x2f0 Drivers/STM32F1xx_HAL_Driver/Src/stm32f1xx_hal_cortex.o
 .debug_macro   0x0000000000013746      0x2f0 Drivers/STM32F1xx_HAL_Driver/Src/stm32f1xx_hal_dma.o
 .debug_macro   0x0000000000013a36      0x360 Drivers/STM32F1xx_HAL_Driver/Src/stm32f1xx_hal_gpio.o
 .debug_macro   0x0000000000013d96      0x302 Drivers/STM32F1xx_HAL_Driver/Src/stm32f1xx_hal_rcc.o
 .debug_macro   0x0000000000014098      0x2f8 Drivers/STM32F1xx_HAL_Driver/Src/stm32f1xx_hal_spi.o
 .debug_macro   0x0000000000014390      0x2f0 Drivers/STM32F1xx_HAL_Driver/Src/stm32f1xx_hal_spi_ex.o
 .debug_macro   0x0000000000014680      0x2f1 Drivers/STM32F1xx_HAL_Driver/Src/stm32f1xx_hal_tim.o
 .debug_macro   0x0000000000014971      0x2f0 Drivers/STM32F1xx_HAL_Driver/Src/stm32f1xx_hal_tim_ex.o
 .debug_macro   0x0000000000014c61      0x2f1 Drivers/STM32F1xx_HAL_Driver/Src/stm32f1xx_hal_uart.o
 .debug_macro   0x0000000000014f52      0x306 Src/MPU9250.o
 .debug_macro   0x0000000000015258       0x22 Src/MPU9250.o
 .debug_macro   0x000000000001527a      0x1ec Src/MPU9250.o
 .debug_macro   0x0000000000015466      0x2fa Src/dma.o
 .debug_macro   0x0000000000015760      0x2fa Src/gpio.o
 .debug_macro   0x0000000000015a5a      0x342 Src/main.o
 .debug_macro   0x0000000000015d9c      0x1e1 Src/main.o
 .debug_macro   0x0000000000015f7d      0x30e Src/spi.o
 .debug_macro   0x000000000001628b      0x2f0 Src/stm32f1xx_hal_msp.o
 .debug_macro   0x000000000001657b      0x2fa Src/stm32f1xx_it.o
 .debug_macro   0x0000000000016875      0x2f6 Src/system_stm32f1xx.o
 .debug_macro   0x0000000000016b6b      0x2fa Src/tim.o
 .debug_macro   0x0000000000016e65      0x304 Src/usart.o

.debug_line     0x0000000000000000     0xd02d
 .debug_line    0x0000000000000000      0x912 Drivers/STM32F1xx_HAL_Driver/Src/stm32f1xx_hal.o
 .debug_line    0x0000000000000912      0x954 Drivers/STM32F1xx_HAL_Driver/Src/stm32f1xx_hal_cortex.o
 .debug_line    0x0000000000001266      0xb14 Drivers/STM32F1xx_HAL_Driver/Src/stm32f1xx_hal_dma.o
 .debug_line    0x0000000000001d7a      0x956 Drivers/STM32F1xx_HAL_Driver/Src/stm32f1xx_hal_gpio.o
 .debug_line    0x00000000000026d0      0xa49 Drivers/STM32F1xx_HAL_Driver/Src/stm32f1xx_hal_rcc.o
 .debug_line    0x0000000000003119     0x1193 Drivers/STM32F1xx_HAL_Driver/Src/stm32f1xx_hal_spi.o
 .debug_line    0x00000000000042ac      0x7d3 Drivers/STM32F1xx_HAL_Driver/Src/stm32f1xx_hal_spi_ex.o
 .debug_line    0x0000000000004a7f     0x175f Drivers/STM32F1xx_HAL_Driver/Src/stm32f1xx_hal_tim.o
 .debug_line    0x00000000000061de      0xd34 Drivers/STM32F1xx_HAL_Driver/Src/stm32f1xx_hal_tim_ex.o
 .debug_line    0x0000000000006f12     0x1086 Drivers/STM32F1xx_HAL_Driver/Src/stm32f1xx_hal_uart.o
 .debug_line    0x0000000000007f98      0x880 Src/MPU9250.o
 .debug_line    0x0000000000008818      0x79b Src/dma.o
 .debug_line    0x0000000000008fb3      0x7ad Src/gpio.o
 .debug_line    0x0000000000009760      0x84b Src/main.o
 .debug_line    0x0000000000009fab      0x808 Src/spi.o
 .debug_line    0x000000000000a7b3      0x7a5 Src/stm32f1xx_hal_msp.o
 .debug_line    0x000000000000af58      0x85d Src/stm32f1xx_it.o
 .debug_line    0x000000000000b7b5      0x7da Src/system_stm32f1xx.o
 .debug_line    0x000000000000bf8f      0x80c Src/tim.o
 .debug_line    0x000000000000c79b      0x815 Src/usart.o
 .debug_line    0x000000000000cfb0       0x7d startup/startup_stm32f103xb.o

.debug_str      0x0000000000000000    0x739a9
 .debug_str     0x0000000000000000    0x6f82c Drivers/STM32F1xx_HAL_Driver/Src/stm32f1xx_hal.o
                                      0x6fbac (size before relaxing)
 .debug_str     0x000000000006f82c      0x2e1 Drivers/STM32F1xx_HAL_Driver/Src/stm32f1xx_hal_cortex.o
                                      0x6fbb7 (size before relaxing)
 .debug_str     0x000000000006fb0d      0x3f0 Drivers/STM32F1xx_HAL_Driver/Src/stm32f1xx_hal_dma.o
                                      0x6f91b (size before relaxing)
 .debug_str     0x000000000006fefd      0x3ab Drivers/STM32F1xx_HAL_Driver/Src/stm32f1xx_hal_gpio.o
                                      0x6f8fe (size before relaxing)
 .debug_str     0x00000000000702a8      0x368 Drivers/STM32F1xx_HAL_Driver/Src/stm32f1xx_hal_rcc.o
                                      0x6f953 (size before relaxing)
 .debug_str     0x0000000000070610      0x6d3 Drivers/STM32F1xx_HAL_Driver/Src/stm32f1xx_hal_spi.o
                                      0x6fe10 (size before relaxing)
 .debug_str     0x0000000000070ce3       0x3b Drivers/STM32F1xx_HAL_Driver/Src/stm32f1xx_hal_spi_ex.o
                                      0x6f8df (size before relaxing)
 .debug_str     0x0000000000070d1e      0xf0d Drivers/STM32F1xx_HAL_Driver/Src/stm32f1xx_hal_tim.o
                                      0x70653 (size before relaxing)
 .debug_str     0x0000000000071c2b      0x4f1 Drivers/STM32F1xx_HAL_Driver/Src/stm32f1xx_hal_tim_ex.o
                                      0x6fef5 (size before relaxing)
 .debug_str     0x000000000007211c      0x675 Drivers/STM32F1xx_HAL_Driver/Src/stm32f1xx_hal_uart.o
                                      0x6fe6c (size before relaxing)
 .debug_str     0x0000000000072791      0x698 Src/MPU9250.o
                                      0x6ffa7 (size before relaxing)
 .debug_str     0x0000000000072e29       0x22 Src/dma.o
                                      0x6f802 (size before relaxing)
 .debug_str     0x0000000000072e4b       0x35 Src/gpio.o
                                      0x6f5a0 (size before relaxing)
 .debug_str     0x0000000000072e80      0x929 Src/main.o
                                      0x70ff4 (size before relaxing)
 .debug_str     0x00000000000737a9       0x24 Src/spi.o
                                      0x6fce2 (size before relaxing)
 .debug_str     0x00000000000737cd       0x1b Src/stm32f1xx_hal_msp.o
                                      0x6f83f (size before relaxing)
 .debug_str     0x00000000000737e8       0xfa Src/stm32f1xx_it.o
                                      0x6f9ad (size before relaxing)
 .debug_str     0x00000000000738e2       0x69 Src/system_stm32f1xx.o
                                      0x6f5a9 (size before relaxing)
 .debug_str     0x000000000007394b       0x44 Src/tim.o
                                      0x6fbeb (size before relaxing)
 .debug_str     0x000000000007398f       0x1a Src/usart.o
                                      0x6f9c4 (size before relaxing)

.comment        0x0000000000000000       0x7f
 .comment       0x0000000000000000       0x7f Drivers/STM32F1xx_HAL_Driver/Src/stm32f1xx_hal.o
                                         0x80 (size before relaxing)
 .comment       0x000000000000007f       0x80 Drivers/STM32F1xx_HAL_Driver/Src/stm32f1xx_hal_cortex.o
 .comment       0x000000000000007f       0x80 Drivers/STM32F1xx_HAL_Driver/Src/stm32f1xx_hal_dma.o
 .comment       0x000000000000007f       0x80 Drivers/STM32F1xx_HAL_Driver/Src/stm32f1xx_hal_gpio.o
 .comment       0x000000000000007f       0x80 Drivers/STM32F1xx_HAL_Driver/Src/stm32f1xx_hal_rcc.o
 .comment       0x000000000000007f       0x80 Drivers/STM32F1xx_HAL_Driver/Src/stm32f1xx_hal_spi.o
 .comment       0x000000000000007f       0x80 Drivers/STM32F1xx_HAL_Driver/Src/stm32f1xx_hal_spi_ex.o
 .comment       0x000000000000007f       0x80 Drivers/STM32F1xx_HAL_Driver/Src/stm32f1xx_hal_tim.o
 .comment       0x000000000000007f       0x80 Drivers/STM32F1xx_HAL_Driver/Src/stm32f1xx_hal_tim_ex.o
 .comment       0x000000000000007f       0x80 Drivers/STM32F1xx_HAL_Driver/Src/stm32f1xx_hal_uart.o
 .comment       0x000000000000007f       0x80 Src/MPU9250.o
 .comment       0x000000000000007f       0x80 Src/dma.o
 .comment       0x000000000000007f       0x80 Src/gpio.o
 .comment       0x000000000000007f       0x80 Src/main.o
 .comment       0x000000000000007f       0x80 Src/spi.o
 .comment       0x000000000000007f       0x80 Src/stm32f1xx_hal_msp.o
 .comment       0x000000000000007f       0x80 Src/stm32f1xx_it.o
 .comment       0x000000000000007f       0x80 Src/system_stm32f1xx.o
 .comment       0x000000000000007f       0x80 Src/tim.o